Archive member included to satisfy reference by file (symbol)

D:\STM32\SDK_1.0.3_NUCLEO-F401RE\lib_stm\libLibraries.a(timer.o)
                              ./Core/Src/main.o (TimerInit)
D:\STM32\SDK_1.0.3_NUCLEO-F401RE\lib_stm\libLibraries.a(Ucglib.o)
                              ./Core/Src/main.o (Ucglib4WireSWSPI_begin)
D:\STM32\SDK_1.0.3_NUCLEO-F401RE\lib_stm\libLibraries.a(ucg_box.o)
                              ./Core/Src/main.o (ucg_ClearScreen)
D:\STM32\SDK_1.0.3_NUCLEO-F401RE\lib_stm\libLibraries.a(ucg_ccs.o)
                              D:\STM32\SDK_1.0.3_NUCLEO-F401RE\lib_stm\libLibraries.a(ucg_box.o) (ucg_ccs_init)
D:\STM32\SDK_1.0.3_NUCLEO-F401RE\lib_stm\libLibraries.a(ucg_circle.o)
                              D:\STM32\SDK_1.0.3_NUCLEO-F401RE\lib_stm\libLibraries.a(ucg_box.o) (ucg_DrawCircle)
D:\STM32\SDK_1.0.3_NUCLEO-F401RE\lib_stm\libLibraries.a(ucg_dev_default_cb.o)
                              D:\STM32\SDK_1.0.3_NUCLEO-F401RE\lib_stm\libLibraries.a(Ucglib.o) (ucg_dev_default_cb)
D:\STM32\SDK_1.0.3_NUCLEO-F401RE\lib_stm\libLibraries.a(ucg_dev_ic_st7735.o)
                              D:\STM32\SDK_1.0.3_NUCLEO-F401RE\lib_stm\libLibraries.a(Ucglib.o) (ucg_ext_st7735_18)
D:\STM32\SDK_1.0.3_NUCLEO-F401RE\lib_stm\libLibraries.a(ucg_dev_msg_api.o)
                              D:\STM32\SDK_1.0.3_NUCLEO-F401RE\lib_stm\libLibraries.a(ucg_box.o) (ucg_SetMaxClipRange)
D:\STM32\SDK_1.0.3_NUCLEO-F401RE\lib_stm\libLibraries.a(ucg_dev_tft_128x128_st7735.o)
                              D:\STM32\SDK_1.0.3_NUCLEO-F401RE\lib_stm\libLibraries.a(Ucglib.o) (ucg_dev_st7735_18x128x128)
D:\STM32\SDK_1.0.3_NUCLEO-F401RE\lib_stm\libLibraries.a(ucg_font.o)
                              D:\STM32\SDK_1.0.3_NUCLEO-F401RE\lib_stm\libLibraries.a(Ucglib.o) (ucg_SetFontMode)
D:\STM32\SDK_1.0.3_NUCLEO-F401RE\lib_stm\libLibraries.a(ucg_init.o)
                              D:\STM32\SDK_1.0.3_NUCLEO-F401RE\lib_stm\libLibraries.a(Ucglib.o) (ucg_Init)
D:\STM32\SDK_1.0.3_NUCLEO-F401RE\lib_stm\libLibraries.a(ucg_line.o)
                              D:\STM32\SDK_1.0.3_NUCLEO-F401RE\lib_stm\libLibraries.a(ucg_font.o) (ucg_Draw90Line)
D:\STM32\SDK_1.0.3_NUCLEO-F401RE\lib_stm\libLibraries.a(ucg_pixel.o)
                              ./Core/Src/main.o (ucg_SetColor)
D:\STM32\SDK_1.0.3_NUCLEO-F401RE\lib_stm\libLibraries.a(ucg_pixel_font_data.o)
                              ./Core/Src/main.o (ucg_font_ncenR12_hr)
D:\STM32\SDK_1.0.3_NUCLEO-F401RE\lib_stm\libLibraries.a(ucg_rotate.o)
                              ./Core/Src/main.o (ucg_SetRotate180)
D:\STM32\SDK_1.0.3_NUCLEO-F401RE\lib_stm\libLibraries.a(stm32f401re_gpio.o)
                              D:\STM32\SDK_1.0.3_NUCLEO-F401RE\lib_stm\libLibraries.a(Ucglib.o) (GPIO_Init)
D:\STM32\SDK_1.0.3_NUCLEO-F401RE\lib_stm\libLibraries.a(ucg_clip.o)
                              D:\STM32\SDK_1.0.3_NUCLEO-F401RE\lib_stm\libLibraries.a(ucg_dev_ic_st7735.o) (ucg_clip_is_pixel_visible)
D:\STM32\SDK_1.0.3_NUCLEO-F401RE\lib_stm\libLibraries.a(ucg_com_msg_api.o)
                              D:\STM32\SDK_1.0.3_NUCLEO-F401RE\lib_stm\libLibraries.a(ucg_dev_ic_st7735.o) (ucg_com_PowerUp)
C:/ST/STM32CubeIDE_2.1.0/STM32CubeIDE/plugins/com.st.stm32cube.ide.mcu.externaltools.gnu-tools-for-stm32.14.3.rel1.win32_1.0.100.202602081740/tools/bin/../lib/gcc/arm-none-eabi/14.3.1/../../../../arm-none-eabi/lib/thumb/v7e-m+fp/hard\libc_nano.a(libc_a-exit.o)
                              C:/ST/STM32CubeIDE_2.1.0/STM32CubeIDE/plugins/com.st.stm32cube.ide.mcu.externaltools.gnu-tools-for-stm32.14.3.rel1.win32_1.0.100.202602081740/tools/bin/../lib/gcc/arm-none-eabi/14.3.1/../../../../arm-none-eabi/lib/thumb/v7e-m+fp/hard/crt0.o (exit)
C:/ST/STM32CubeIDE_2.1.0/STM32CubeIDE/plugins/com.st.stm32cube.ide.mcu.externaltools.gnu-tools-for-stm32.14.3.rel1.win32_1.0.100.202602081740/tools/bin/../lib/gcc/arm-none-eabi/14.3.1/../../../../arm-none-eabi/lib/thumb/v7e-m+fp/hard\libc_nano.a(libc_a-findfp.o)
                              C:/ST/STM32CubeIDE_2.1.0/STM32CubeIDE/plugins/com.st.stm32cube.ide.mcu.externaltools.gnu-tools-for-stm32.14.3.rel1.win32_1.0.100.202602081740/tools/bin/../lib/gcc/arm-none-eabi/14.3.1/../../../../arm-none-eabi/lib/thumb/v7e-m+fp/hard\libc_nano.a(libc_a-exit.o) (__stdio_exit_handler)
C:/ST/STM32CubeIDE_2.1.0/STM32CubeIDE/plugins/com.st.stm32cube.ide.mcu.externaltools.gnu-tools-for-stm32.14.3.rel1.win32_1.0.100.202602081740/tools/bin/../lib/gcc/arm-none-eabi/14.3.1/../../../../arm-none-eabi/lib/thumb/v7e-m+fp/hard\libc_nano.a(libc_a-fwalk.o)
                              C:/ST/STM32CubeIDE_2.1.0/STM32CubeIDE/plugins/com.st.stm32cube.ide.mcu.externaltools.gnu-tools-for-stm32.14.3.rel1.win32_1.0.100.202602081740/tools/bin/../lib/gcc/arm-none-eabi/14.3.1/../../../../arm-none-eabi/lib/thumb/v7e-m+fp/hard\libc_nano.a(libc_a-findfp.o) (_fwalk_sglue)
[...]
Memory Configuration

Name             Origin             Length             Attributes
RAM              0x20000000         0x00018000         xrw
FLASH            0x08000000         0x00080000         xr
*default*        0x00000000         0xffffffff

Linker script and memory map

LOAD C:/ST/STM32CubeIDE_2.1.0/STM32CubeIDE/plugins/com.st.stm32cube.ide.mcu.externaltools.gnu-tools-for-stm32.14.3.rel1.win32_1.0.100.202602081740/tools/bin/../lib/gcc/arm-none-eabi/14.3.1/thumb/v7e-m+fp/hard/crti.o
LOAD C:/ST/STM32CubeIDE_2.1.0/STM32CubeIDE/plugins/com.st.stm32cube.ide.mcu.externaltools.gnu-tools-for-stm32.14.3.rel1.win32_1.0.100.202602081740/tools/bin/../lib/gcc/arm-none-eabi/14.3.1/thumb/v7e-m+fp/hard/crtbegin.o
LOAD C:/ST/STM32CubeIDE_2.1.0/STM32CubeIDE/plugins/com.st.stm32cube.ide.mcu.externaltools.gnu-tools-for-stm32.14.3.rel1.win32_1.0.100.202602081740/tools/bin/../lib/gcc/arm-none-eabi/14.3.1/../../../../arm-none-eabi/lib/thumb/v7e-m+fp/hard/crt0.o
LOAD ./Core/Src/main.o
LOAD ./Core/Src/stm32f4xx_hal_msp.o
LOAD ./Core/Src/stm32f4xx_it.o
LOAD ./Core/Src/syscalls.o
LOAD ./Core/Src/sysmem.o
LOAD ./Core/Startup/startup_stm32f401retx.o
LOAD ./Drivers/STM32F4xx_HAL_Driver/Src/stm32f4xx_hal.o
LOAD ./Drivers/STM32F4xx_HAL_Driver/Src/stm32f4xx_hal_cortex.o
LOAD ./Drivers/STM32F4xx_HAL_Driver/Src/stm32f4xx_hal_dma.o
LOAD ./Drivers/STM32F4xx_HAL_Driver/Src/stm32f4xx_hal_dma_ex.o
LOAD ./Drivers/STM32F4xx_HAL_Driver/Src/stm32f4xx_hal_exti.o
LOAD ./Drivers/STM32F4xx_HAL_Driver/Src/stm32f4xx_hal_flash.o
LOAD ./Drivers/STM32F4xx_HAL_Driver/Src/stm32f4xx_hal_flash_ex.o
LOAD ./Drivers/STM32F4xx_HAL_Driver/Src/stm32f4xx_hal_flash_ramfunc.o
LOAD ./Drivers/STM32F4xx_HAL_Driver/Src/stm32f4xx_hal_gpio.o
LOAD ./Drivers/STM32F4xx_HAL_Driver/Src/stm32f4xx_hal_pwr.o
LOAD ./Drivers/STM32F4xx_HAL_Driver/Src/stm32f4xx_hal_pwr_ex.o
LOAD ./Drivers/STM32F4xx_HAL_Driver/Src/stm32f4xx_hal_rcc.o
LOAD ./Drivers/STM32F4xx_HAL_Driver/Src/stm32f4xx_hal_rcc_ex.o
LOAD ./Drivers/STM32F4xx_HAL_Driver/Src/stm32f4xx_hal_uart.o
LOAD ./SDK_1.0.3_NUCLEO-F401RE/shared/Drivers/CMSIS/Source/system_stm32f4xx.o
LOAD ./SDK_1.0.3_NUCLEO-F401RE/shared/Drivers/STM32F401RE_StdPeriph_Driver/src/stm32f401re_rcc.o
LOAD ./SDK_1.0.3_NUCLEO-F401RE/shared/Utilities/buff.o
LOAD ./SDK_1.0.3_NUCLEO-F401RE/shared/Utilities/utilities.o
LOAD D:\STM32\SDK_1.0.3_NUCLEO-F401RE\lib_stm\libLibraries.a
START GROUP
LOAD C:/ST/STM32CubeIDE_2.1.0/STM32CubeIDE/plugins/com.st.stm32cube.ide.mcu.externaltools.gnu-tools-for-stm32.14.3.rel1.win32_1.0.100.202602081740/tools/bin/../lib/gcc/arm-none-eabi/14.3.1/../../../../arm-none-eabi/lib/thumb/v7e-m+fp/hard\libc_nano.a
LOAD C:/ST/STM32CubeIDE_2.1.0/STM32CubeIDE/plugins/com.st.stm32cube.ide.mcu.externaltools.gnu-tools-for-stm32.14.3.rel1.win32_1.0.100.202602081740/tools/bin/../lib/gcc/arm-none-eabi/14.3.1/../../../../arm-none-eabi/lib/thumb/v7e-m+fp/hard\libm.a
END GROUP
START GROUP
LOAD C:/ST/STM32CubeIDE_2.1.0/STM32CubeIDE/plugins/com.st.stm32cube.ide.mcu.externaltools.gnu-tools-for-stm32.14.3.rel1.win32_1.0.100.202602081740/tools/bin/../lib/gcc/arm-none-eabi/14.3.1/thumb/v7e-m+fp/hard\libgcc.a
LOAD C:/ST/STM32CubeIDE_2.1.0/STM32CubeIDE/plugins/com.st.stm32cube.ide.mcu.externaltools.gnu-tools-for-stm32.14.3.rel1.win32_1.0.100.202602081740/tools/bin/../lib/gcc/arm-none-eabi/14.3.1/../../../../arm-none-eabi/lib/thumb/v7e-m+fp/hard\libc_nano.a
END GROUP
START GROUP
LOAD C:/ST/STM32CubeIDE_2.1.0/STM32CubeIDE/plugins/com.st.stm32cube.ide.mcu.externaltools.gnu-tools-for-stm32.14.3.rel1.win32_1.0.100.202602081740/tools/bin/../lib/gcc/arm-none-eabi/14.3.1/thumb/v7e-m+fp/hard\libgcc.a
LOAD C:/ST/STM32CubeIDE_2.1.0/STM32CubeIDE/plugins/com.st.stm32cube.ide.mcu.externaltools.gnu-tools-for-stm32.14.3.rel1.win32_1.0.100.202602081740/tools/bin/../lib/gcc/arm-none-eabi/14.3.1/../../../../arm-none-eabi/lib/thumb/v7e-m+fp/hard\libc_nano.a
LOAD C:/ST/STM32CubeIDE_2.1.0/STM32CubeIDE/plugins/com.st.stm32cube.ide.mcu.externaltools.gnu-tools-for-stm32.14.3.rel1.win32_1.0.100.202602081740/tools/bin/../lib/gcc/arm-none-eabi/14.3.1/../../../../arm-none-eabi/lib/thumb/v7e-m+fp/hard\libnosys.a
END GROUP
START GROUP
LOAD C:/ST/STM32CubeIDE_2.1.0/STM32CubeIDE/plugins/com.st.stm32cube.ide.mcu.externaltools.gnu-tools-for-stm32.14.3.rel1.win32_1.0.100.202602081740/tools/bin/../lib/gcc/arm-none-eabi/14.3.1/thumb/v7e-m+fp/hard\libgcc.a
LOAD C:/ST/STM32CubeIDE_2.1.0/STM32CubeIDE/plugins/com.st.stm32cube.ide.mcu.externaltools.gnu-tools-for-stm32.14.3.rel1.win32_1.0.100.202602081740/tools/bin/../lib/gcc/arm-none-eabi/14.3.1/../../../../arm-none-eabi/lib/thumb/v7e-m+fp/hard\libc_nano.a
LOAD C:/ST/STM32CubeIDE_2.1.0/STM32CubeIDE/plugins/com.st.stm32cube.ide.mcu.externaltools.gnu-tools-for-stm32.14.3.rel1.win32_1.0.100.202602081740/tools/bin/../lib/gcc/arm-none-eabi/14.3.1/../../../../arm-none-eabi/lib/thumb/v7e-m+fp/hard\libnosys.a
END GROUP
LOAD C:/ST/STM32CubeIDE_2.1.0/STM32CubeIDE/plugins/com.st.stm32cube.ide.mcu.externaltools.gnu-tools-for-stm32.14.3.rel1.win32_1.0.100.202602081740/tools/bin/../lib/gcc/arm-none-eabi/14.3.1/thumb/v7e-m+fp/hard/crtend.o
LOAD C:/ST/STM32CubeIDE_2.1.0/STM32CubeIDE/plugins/com.st.stm32cube.ide.mcu.externaltools.gnu-tools-for-stm32.14.3.rel1.win32_1.0.100.202602081740/tools/bin/../lib/gcc/arm-none-eabi/14.3.1/thumb/v7e-m+fp/hard/crtn.o
                0x20018000                        _estack = (ORIGIN (RAM) + LENGTH (RAM))
                0x00000200                        _Min_Heap_Size = 0x200
                0x00000400                        _Min_Stack_Size = 0x400

.isr_vector     0x08000000      0x194
                0x08000000                        . = ALIGN (0x4)
 *(.isr_vector)
 .isr_vector    0x08000000      0x194 ./Core/Startup/startup_stm32f401retx.o
                0x08000000                g_pfnVectors
                0x08000194                        . = ALIGN (0x4)

.text           0x08000194     0x30a8
                0x08000194                        . = ALIGN (0x4)
 *(.text)
 .text          0x08000194       0x40 C:/ST/STM32CubeIDE_2.1.0/STM32CubeIDE/plugins/com.st.stm32cube.ide.mcu.externaltools.gnu-tools-for-stm32.14.3.rel1.win32_1.0.100.202602081740/tools/bin/../lib/gcc/arm-none-eabi/14.3.1/thumb/v7e-m+fp/hard/crtbegin.o
 *(.text*)
 .text.main     0x080001d4       0x80 ./Core/Src/main.o
                0x080001d4                main
 .text.NMI_Handler
                0x08000254        0x8 ./Core/Src/stm32f4xx_it.o
                0x08000254                NMI_Handler
 .text.HardFault_Handler
                0x0800025c        0x8 ./Core/Src/stm32f4xx_it.o
                0x0800025c                HardFault_Handler
 .text.MemManage_Handler
                0x08000264        0x8 ./Core/Src/stm32f4xx_it.o
                0x08000264                MemManage_Handler
 .text.BusFault_Handler
                0x0800026c        0x8 ./Core/Src/stm32f4xx_it.o
                0x0800026c                BusFault_Handler
 .text.UsageFault_Handler
                0x08000274        0x8 ./Core/Src/stm32f4xx_it.o
                0x08000274                UsageFault_Handler
 .text.SVC_Handler
                0x0800027c        0xe ./Core/Src/stm32f4xx_it.o
                0x0800027c                SVC_Handler
 .text.DebugMon_Handler
                0x0800028a        0xe ./Core/Src/stm32f4xx_it.o
                0x0800028a                DebugMon_Handler
 .text.PendSV_Handler
                0x08000298        0xe ./Core/Src/stm32f4xx_it.o
                0x08000298                PendSV_Handler
 *fill*         0x080002a6        0x2 
 .text.Reset_Handler
                0x080002a8       0x50 ./Core/Startup/startup_stm32f401retx.o
                0x080002a8                Reset_Handler
 .text.Default_Handler
                0x080002f8        0x2 ./Core/Startup/startup_stm32f401retx.o
                0x080002f8                RTC_Alarm_IRQHandler
                0x080002f8                EXTI2_IRQHandler
                0x080002f8                SPI4_IRQHandler
                0x080002f8                TIM1_CC_IRQHandler
                0x080002f8                DMA2_Stream5_IRQHandler
                0x080002f8                DMA1_Stream5_IRQHandler
                0x080002f8                PVD_IRQHandler
                0x080002f8                SDIO_IRQHandler
                0x080002f8                TAMP_STAMP_IRQHandler
                0x080002f8                EXTI3_IRQHandler
                0x080002f8                TIM1_UP_TIM10_IRQHandler
                0x080002f8                I2C3_ER_IRQHandler
                0x080002f8                EXTI0_IRQHandler
                0x080002f8                I2C2_EV_IRQHandler
                0x080002f8                DMA1_Stream2_IRQHandler
                0x080002f8                FPU_IRQHandler
                0x080002f8                DMA2_Stream2_IRQHandler
                0x080002f8                SPI1_IRQHandler
                0x080002f8                TIM1_BRK_TIM9_IRQHandler
                0x080002f8                DMA2_Stream3_IRQHandler
                0x080002f8                USART6_IRQHandler
                0x080002f8                DMA2_Stream0_IRQHandler
                0x080002f8                TIM4_IRQHandler
                0x080002f8                I2C1_EV_IRQHandler
                0x080002f8                DMA1_Stream6_IRQHandler
                0x080002f8                DMA1_Stream1_IRQHandler
                0x080002f8                TIM3_IRQHandler
                0x080002f8                RCC_IRQHandler
                0x080002f8                Default_Handler
                0x080002f8                EXTI15_10_IRQHandler
                0x080002f8                ADC_IRQHandler
                0x080002f8                DMA1_Stream7_IRQHandler
                0x080002f8                TIM5_IRQHandler
                0x080002f8                DMA2_Stream7_IRQHandler
                0x080002f8                I2C3_EV_IRQHandler
                0x080002f8                EXTI9_5_IRQHandler
                0x080002f8                RTC_WKUP_IRQHandler
                0x080002f8                SPI2_IRQHandler
                0x080002f8                DMA1_Stream0_IRQHandler
                0x080002f8                EXTI4_IRQHandler
                0x080002f8                WWDG_IRQHandler
                0x080002f8                TIM2_IRQHandler
                0x080002f8                OTG_FS_WKUP_IRQHandler
                0x080002f8                TIM1_TRG_COM_TIM11_IRQHandler
                0x080002f8                EXTI1_IRQHandler
                0x080002f8                USART2_IRQHandler
                0x080002f8                I2C2_ER_IRQHandler
                0x080002f8                DMA2_Stream1_IRQHandler
                0x080002f8                FLASH_IRQHandler
                0x080002f8                DMA2_Stream4_IRQHandler
                0x080002f8                USART1_IRQHandler
                0x080002f8                OTG_FS_IRQHandler
                0x080002f8                SPI3_IRQHandler
                0x080002f8                DMA1_Stream4_IRQHandler
                0x080002f8                I2C1_ER_IRQHandler
                0x080002f8                DMA2_Stream6_IRQHandler
                0x080002f8                DMA1_Stream3_IRQHandler
 *fill*         0x080002fa        0x2 
 .text.SystemInit
                0x080002fc       0x6c ./SDK_1.0.3_NUCLEO-F401RE/shared/Drivers/CMSIS/Source/system_stm32f4xx.o
                0x080002fc                SystemInit
 .text.SystemCoreClockUpdate
                0x08000368      0x104 ./SDK_1.0.3_NUCLEO-F401RE/shared/Drivers/CMSIS/Source/system_stm32f4xx.o
                0x08000368                SystemCoreClockUpdate
 .text.SetSysClock
                0x0800046c       0xa4 ./SDK_1.0.3_NUCLEO-F401RE/shared/Drivers/CMSIS/Source/system_stm32f4xx.o
 .text.RCC_GetClocksFreq
                0x08000510      0x15c ./SDK_1.0.3_NUCLEO-F401RE/shared/Drivers/STM32F401RE_StdPeriph_Driver/src/stm32f401re_rcc.o
                0x08000510                RCC_GetClocksFreq
 .text.RCC_AHB1PeriphClockCmd
                0x0800066c       0x40 ./SDK_1.0.3_NUCLEO-F401RE/shared/Drivers/STM32F401RE_StdPeriph_Driver/src/stm32f401re_rcc.o
                0x0800066c                RCC_AHB1PeriphClockCmd
 .text.bufInit  0x080006ac       0x36 ./SDK_1.0.3_NUCLEO-F401RE/shared/Utilities/buff.o
                0x080006ac                bufInit
 .text.bufNumItems
                0x080006e2       0x18 ./SDK_1.0.3_NUCLEO-F401RE/shared/Utilities/buff.o
                0x080006e2                bufNumItems
 .text.bufIsFull
                0x080006fa       0x26 ./SDK_1.0.3_NUCLEO-F401RE/shared/Utilities/buff.o
                0x080006fa                bufIsFull
 .text.bufIsEmpty
                0x08000720       0x26 ./SDK_1.0.3_NUCLEO-F401RE/shared/Utilities/buff.o
                0x08000720                bufIsEmpty
 .text.bufFlush
                0x08000746       0x32 ./SDK_1.0.3_NUCLEO-F401RE/shared/Utilities/buff.o
                0x08000746                bufFlush
 .text.bufEnDat
                0x08000778       0x9e ./SDK_1.0.3_NUCLEO-F401RE/shared/Utilities/buff.o
                0x08000778                bufEnDat
 .text.bufDeDat
                0x08000816       0x8a ./SDK_1.0.3_NUCLEO-F401RE/shared/Utilities/buff.o
                0x08000816                bufDeDat
 .text.memsetl  0x080008a0       0x34 ./SDK_1.0.3_NUCLEO-F401RE/shared/Utilities/utilities.o
                0x080008a0                memsetl
 .text.NVIC_SetPriority
                0x080008d4       0x54 D:\STM32\SDK_1.0.3_NUCLEO-F401RE\lib_stm\libLibraries.a(timer.o)
 .text.SysTick_Config
                0x08000928       0x44 D:\STM32\SDK_1.0.3_NUCLEO-F401RE\lib_stm\libLibraries.a(timer.o)
 .text.TimerInit
                0x0800096c       0x44 D:\STM32\SDK_1.0.3_NUCLEO-F401RE\lib_stm\libLibraries.a(timer.o)
                0x0800096c                TimerInit
 .text.TimerStart
                0x080009b0       0xc4 D:\STM32\SDK_1.0.3_NUCLEO-F401RE\lib_stm\libLibraries.a(timer.o)
                0x080009b0                TimerStart
 .text.TimerStop
                0x08000a74       0xa0 D:\STM32\SDK_1.0.3_NUCLEO-F401RE\lib_stm\libLibraries.a(timer.o)
                0x08000a74                TimerStop
 .text.GetMilSecTick
                0x08000b14       0x18 D:\STM32\SDK_1.0.3_NUCLEO-F401RE\lib_stm\libLibraries.a(timer.o)
                0x08000b14                GetMilSecTick
 .text.processTimerScheduler
                0x08000b2c       0xf0 D:\STM32\SDK_1.0.3_NUCLEO-F401RE\lib_stm\libLibraries.a(timer.o)
                0x08000b2c                processTimerScheduler
 .text.TimeExpired
                0x08000c1c       0xcc D:\STM32\SDK_1.0.3_NUCLEO-F401RE\lib_stm\libLibraries.a(timer.o)
 .text.SysTick_Handler
                0x08000ce8       0x1c D:\STM32\SDK_1.0.3_NUCLEO-F401RE\lib_stm\libLibraries.a(timer.o)
                0x08000ce8                SysTick_Handler
 .text.delayMicroseconds
                0x08000d04       0x14 D:\STM32\SDK_1.0.3_NUCLEO-F401RE\lib_stm\libLibraries.a(Ucglib.o)
 .text.ucg_gpio_init
                0x08000d18       0x60 D:\STM32\SDK_1.0.3_NUCLEO-F401RE\lib_stm\libLibraries.a(Ucglib.o)
 .text.ucg_com_arduino_send_generic_SW_SPI
                0x08000d78       0x74 D:\STM32\SDK_1.0.3_NUCLEO-F401RE\lib_stm\libLibraries.a(Ucglib.o)
 .text.ucg_com_arduino_generic_SW_SPI
                0x08000dec      0x1ec D:\STM32\SDK_1.0.3_NUCLEO-F401RE\lib_stm\libLibraries.a(Ucglib.o)
 .text.Ucglib4WireSWSPI_begin
                0x08000fd8       0x38 D:\STM32\SDK_1.0.3_NUCLEO-F401RE\lib_stm\libLibraries.a(Ucglib.o)
                0x08000fd8                Ucglib4WireSWSPI_begin
 .text.ucg_DrawBox
                0x08001010       0x56 D:\STM32\SDK_1.0.3_NUCLEO-F401RE\lib_stm\libLibraries.a(ucg_box.o)
                0x08001010                ucg_DrawBox
 .text.ucg_ClearScreen
                0x08001066       0x50 D:\STM32\SDK_1.0.3_NUCLEO-F401RE\lib_stm\libLibraries.a(ucg_box.o)
                0x08001066                ucg_ClearScreen
 .text.ucg_ccs_init
                0x080010b6       0xc0 D:\STM32\SDK_1.0.3_NUCLEO-F401RE\lib_stm\libLibraries.a(ucg_ccs.o)
                0x080010b6                ucg_ccs_init
 .text.ucg_ccs_step
                0x08001176       0x80 D:\STM32\SDK_1.0.3_NUCLEO-F401RE\lib_stm\libLibraries.a(ucg_ccs.o)
                0x08001176                ucg_ccs_step
 .text.ucg_ccs_seek
                0x080011f6       0xca D:\STM32\SDK_1.0.3_NUCLEO-F401RE\lib_stm\libLibraries.a(ucg_ccs.o)
                0x080011f6                ucg_ccs_seek
 .text.ucg_dev_default_cb
                0x080012c0       0x44 D:\STM32\SDK_1.0.3_NUCLEO-F401RE\lib_stm\libLibraries.a(ucg_dev_default_cb.o)
                0x080012c0                ucg_dev_default_cb
 .text.ucg_ext_none
                0x08001304       0x1c D:\STM32\SDK_1.0.3_NUCLEO-F401RE\lib_stm\libLibraries.a(ucg_dev_default_cb.o)
                0x08001304                ucg_ext_none
 .text.ucg_handle_st7735_l90fx
                0x08001320       0xd8 D:\STM32\SDK_1.0.3_NUCLEO-F401RE\lib_stm\libLibraries.a(ucg_dev_ic_st7735.o)
                0x08001320                ucg_handle_st7735_l90fx
 .text.ucg_handle_st7735_l90se
                0x080013f8      0x154 D:\STM32\SDK_1.0.3_NUCLEO-F401RE\lib_stm\libLibraries.a(ucg_dev_ic_st7735.o)
                0x080013f8                ucg_handle_st7735_l90se
 .text.ucg_dev_ic_st7735_18
                0x0800154c       0xf8 D:\STM32\SDK_1.0.3_NUCLEO-F401RE\lib_stm\libLibraries.a(ucg_dev_ic_st7735.o)
                0x0800154c                ucg_dev_ic_st7735_18
 .text.ucg_ext_st7735_18
                0x08001644       0x28 D:\STM32\SDK_1.0.3_NUCLEO-F401RE\lib_stm\libLibraries.a(ucg_dev_ic_st7735.o)
                0x08001644                ucg_ext_st7735_18
 .text.ucg_PowerDown
                0x0800166c       0x34 D:\STM32\SDK_1.0.3_NUCLEO-F401RE\lib_stm\libLibraries.a(ucg_dev_msg_api.o)
                0x0800166c                ucg_PowerDown
 .text.ucg_PowerUp
                0x080016a0       0x3c D:\STM32\SDK_1.0.3_NUCLEO-F401RE\lib_stm\libLibraries.a(ucg_dev_msg_api.o)
                0x080016a0                ucg_PowerUp
 .text.ucg_SetClipBox
                0x080016dc       0x1e D:\STM32\SDK_1.0.3_NUCLEO-F401RE\lib_stm\libLibraries.a(ucg_dev_msg_api.o)
                0x080016dc                ucg_SetClipBox
 .text.ucg_SetMaxClipRange
                0x080016fa       0x30 D:\STM32\SDK_1.0.3_NUCLEO-F401RE\lib_stm\libLibraries.a(ucg_dev_msg_api.o)
                0x080016fa                ucg_SetMaxClipRange
 .text.ucg_GetDimension
                0x0800172a       0x24 D:\STM32\SDK_1.0.3_NUCLEO-F401RE\lib_stm\libLibraries.a(ucg_dev_msg_api.o)
                0x0800172a                ucg_GetDimension
 .text.ucg_DrawL90FXWithArg
                0x0800174e       0x1e D:\STM32\SDK_1.0.3_NUCLEO-F401RE\lib_stm\libLibraries.a(ucg_dev_msg_api.o)
                0x0800174e                ucg_DrawL90FXWithArg
 .text.ucg_dev_st7735_18x128x128
                0x0800176c       0x80 D:\STM32\SDK_1.0.3_NUCLEO-F401RE\lib_stm\libLibraries.a(ucg_dev_tft_128x128_st7735.o)
                0x0800176c                ucg_dev_st7735_18x128x128
 .text.ucg_font_get_byte
                0x080017ec       0x24 D:\STM32\SDK_1.0.3_NUCLEO-F401RE\lib_stm\libLibraries.a(ucg_font.o)
 .text.ucg_font_get_word
                0x08001810       0x40 D:\STM32\SDK_1.0.3_NUCLEO-F401RE\lib_stm\libLibraries.a(ucg_font.o)
 .text.ucg_read_font_info
                0x08001850      0x142 D:\STM32\SDK_1.0.3_NUCLEO-F401RE\lib_stm\libLibraries.a(ucg_font.o)
                0x08001850                ucg_read_font_info
 .text.ucg_font_decode_get_unsigned_bits
                0x08001992       0x96 D:\STM32\SDK_1.0.3_NUCLEO-F401RE\lib_stm\libLibraries.a(ucg_font.o)
                0x08001992                ucg_font_decode_get_unsigned_bits
 .text.ucg_font_decode_get_signed_bits
                0x08001a28       0x46 D:\STM32\SDK_1.0.3_NUCLEO-F401RE\lib_stm\libLibraries.a(ucg_font.o)
                0x08001a28                ucg_font_decode_get_signed_bits
 .text.ucg_add_vector_y
                0x08001a6e       0x7a D:\STM32\SDK_1.0.3_NUCLEO-F401RE\lib_stm\libLibraries.a(ucg_font.o)
 .text.ucg_add_vector_x
                0x08001ae8       0x7a D:\STM32\SDK_1.0.3_NUCLEO-F401RE\lib_stm\libLibraries.a(ucg_font.o)
 .text.ucg_font_decode_len
                0x08001b62      0x118 D:\STM32\SDK_1.0.3_NUCLEO-F401RE\lib_stm\libLibraries.a(ucg_font.o)
                0x08001b62                ucg_font_decode_len
 .text.ucg_font_setup_decode
                0x08001c7a       0x64 D:\STM32\SDK_1.0.3_NUCLEO-F401RE\lib_stm\libLibraries.a(ucg_font.o)
 .text.ucg_font_decode_glyph
                0x08001cde      0x14c D:\STM32\SDK_1.0.3_NUCLEO-F401RE\lib_stm\libLibraries.a(ucg_font.o)
                0x08001cde                ucg_font_decode_glyph
 .text.ucg_font_get_glyph_data
                0x08001e2a       0x7a D:\STM32\SDK_1.0.3_NUCLEO-F401RE\lib_stm\libLibraries.a(ucg_font.o)
                0x08001e2a                ucg_font_get_glyph_data
 .text.ucg_font_draw_glyph
                0x08001ea4       0x62 D:\STM32\SDK_1.0.3_NUCLEO-F401RE\lib_stm\libLibraries.a(ucg_font.o)
                0x08001ea4                ucg_font_draw_glyph
 .text.ucg_SetFontMode
                0x08001f06       0x20 D:\STM32\SDK_1.0.3_NUCLEO-F401RE\lib_stm\libLibraries.a(ucg_font.o)
                0x08001f06                ucg_SetFontMode
 *fill*         0x08001f26        0x2 
 .text.ucg_DrawGlyph
                0x08001f28       0xb0 D:\STM32\SDK_1.0.3_NUCLEO-F401RE\lib_stm\libLibraries.a(ucg_font.o)
                0x08001f28                ucg_DrawGlyph
 .text.task_drawString
                0x08001fd8      0x138 D:\STM32\SDK_1.0.3_NUCLEO-F401RE\lib_stm\libLibraries.a(ucg_font.o)
                0x08001fd8                task_drawString
 .text.ucg_DrawString
                0x08002110       0x78 D:\STM32\SDK_1.0.3_NUCLEO-F401RE\lib_stm\libLibraries.a(ucg_font.o)
                0x08002110                ucg_DrawString
 .text.ucg_UpdateRefHeight
                0x08002188       0xd8 D:\STM32\SDK_1.0.3_NUCLEO-F401RE\lib_stm\libLibraries.a(ucg_font.o)
                0x08002188                ucg_UpdateRefHeight
 .text.ucg_font_calc_vref_font
                0x08002260       0x16 D:\STM32\SDK_1.0.3_NUCLEO-F401RE\lib_stm\libLibraries.a(ucg_font.o)
                0x08002260                ucg_font_calc_vref_font
 *fill*         0x08002276        0x2 
 .text.ucg_SetFontPosBaseline
                0x08002278       0x20 D:\STM32\SDK_1.0.3_NUCLEO-F401RE\lib_stm\libLibraries.a(ucg_font.o)
                0x08002278                ucg_SetFontPosBaseline
 .text.ucg_SetFont
                0x08002298       0x4c D:\STM32\SDK_1.0.3_NUCLEO-F401RE\lib_stm\libLibraries.a(ucg_font.o)
                0x08002298                ucg_SetFont
 .text.ucg_init_struct
                0x080022e4       0x50 D:\STM32\SDK_1.0.3_NUCLEO-F401RE\lib_stm\libLibraries.a(ucg_init.o)
                0x080022e4                ucg_init_struct
 .text.ucg_Init
                0x08002334       0x5c D:\STM32\SDK_1.0.3_NUCLEO-F401RE\lib_stm\libLibraries.a(ucg_init.o)
                0x08002334                ucg_Init
 .text.ucg_Draw90Line
                0x08002390       0x88 D:\STM32\SDK_1.0.3_NUCLEO-F401RE\lib_stm\libLibraries.a(ucg_line.o)
                0x08002390                ucg_Draw90Line
 .text.ucg_DrawHLine
                0x08002418       0x3e D:\STM32\SDK_1.0.3_NUCLEO-F401RE\lib_stm\libLibraries.a(ucg_line.o)
                0x08002418                ucg_DrawHLine
 .text.ucg_SetColor
                0x08002456       0x5c D:\STM32\SDK_1.0.3_NUCLEO-F401RE\lib_stm\libLibraries.a(ucg_pixel.o)
                0x08002456                ucg_SetColor
 .text.ucg_UndoRotate
                0x080024b2       0x32 D:\STM32\SDK_1.0.3_NUCLEO-F401RE\lib_stm\libLibraries.a(ucg_rotate.o)
                0x080024b2                ucg_UndoRotate
 .text.ucg_rotate_180_xy
                0x080024e4       0x66 D:\STM32\SDK_1.0.3_NUCLEO-F401RE\lib_stm\libLibraries.a(ucg_rotate.o)
 *fill*         0x0800254a        0x2 
 .text.ucg_dev_rotate180
                0x0800254c      0x100 D:\STM32\SDK_1.0.3_NUCLEO-F401RE\lib_stm\libLibraries.a(ucg_rotate.o)
                0x0800254c                ucg_dev_rotate180
 .text.ucg_SetRotate180
                0x0800264c       0x34 D:\STM32\SDK_1.0.3_NUCLEO-F401RE\lib_stm\libLibraries.a(ucg_rotate.o)
                0x0800264c                ucg_SetRotate180
 .text.GPIO_Init
                0x08002680      0x11c D:\STM32\SDK_1.0.3_NUCLEO-F401RE\lib_stm\libLibraries.a(stm32f401re_gpio.o)
                0x08002680                GPIO_Init
 .text.GPIO_WriteBit
                0x0800279c       0x30 D:\STM32\SDK_1.0.3_NUCLEO-F401RE\lib_stm\libLibraries.a(stm32f401re_gpio.o)
                0x0800279c                GPIO_WriteBit
 .text.ucg_clip_is_x_visible
                0x080027cc       0x4a D:\STM32\SDK_1.0.3_NUCLEO-F401RE\lib_stm\libLibraries.a(ucg_clip.o)
 .text.ucg_clip_is_y_visible
                0x08002816       0x4a D:\STM32\SDK_1.0.3_NUCLEO-F401RE\lib_stm\libLibraries.a(ucg_clip.o)
 .text.ucg_clip_intersection
                0x08002860       0x74 D:\STM32\SDK_1.0.3_NUCLEO-F401RE\lib_stm\libLibraries.a(ucg_clip.o)
 .text.ucg_clip_is_pixel_visible
                0x080028d4       0x32 D:\STM32\SDK_1.0.3_NUCLEO-F401RE\lib_stm\libLibraries.a(ucg_clip.o)
                0x080028d4                ucg_clip_is_pixel_visible
 *fill*         0x08002906        0x2 
 .text.ucg_clip_l90fx
                0x08002908      0x300 D:\STM32\SDK_1.0.3_NUCLEO-F401RE\lib_stm\libLibraries.a(ucg_clip.o)
                0x08002908                ucg_clip_l90fx
 .text.ucg_clip_l90se
                0x08002c08       0x54 D:\STM32\SDK_1.0.3_NUCLEO-F401RE\lib_stm\libLibraries.a(ucg_clip.o)
                0x08002c08                ucg_clip_l90se
 .text.ucg_com_PowerDown
                0x08002c5c       0x3e D:\STM32\SDK_1.0.3_NUCLEO-F401RE\lib_stm\libLibraries.a(ucg_com_msg_api.o)
                0x08002c5c                ucg_com_PowerDown
 .text.ucg_com_PowerUp
                0x08002c9a       0x60 D:\STM32\SDK_1.0.3_NUCLEO-F401RE\lib_stm\libLibraries.a(ucg_com_msg_api.o)
                0x08002c9a                ucg_com_PowerUp
 .text.ucg_com_SetLineStatus
                0x08002cfa       0xe2 D:\STM32\SDK_1.0.3_NUCLEO-F401RE\lib_stm\libLibraries.a(ucg_com_msg_api.o)
                0x08002cfa                ucg_com_SetLineStatus
 .text.ucg_com_SetResetLineStatus
                0x08002ddc       0x20 D:\STM32\SDK_1.0.3_NUCLEO-F401RE\lib_stm\libLibraries.a(ucg_com_msg_api.o)
                0x08002ddc                ucg_com_SetResetLineStatus
 .text.ucg_com_SetCSLineStatus
                0x08002dfc       0x20 D:\STM32\SDK_1.0.3_NUCLEO-F401RE\lib_stm\libLibraries.a(ucg_com_msg_api.o)
                0x08002dfc                ucg_com_SetCSLineStatus
 .text.ucg_com_SetCDLineStatus
                0x08002e1c       0x20 D:\STM32\SDK_1.0.3_NUCLEO-F401RE\lib_stm\libLibraries.a(ucg_com_msg_api.o)
                0x08002e1c                ucg_com_SetCDLineStatus
 .text.ucg_com_DelayMicroseconds
                0x08002e3c       0x22 D:\STM32\SDK_1.0.3_NUCLEO-F401RE\lib_stm\libLibraries.a(ucg_com_msg_api.o)
                0x08002e3c                ucg_com_DelayMicroseconds
 .text.ucg_com_DelayMilliseconds
                0x08002e5e       0x2c D:\STM32\SDK_1.0.3_NUCLEO-F401RE\lib_stm\libLibraries.a(ucg_com_msg_api.o)
                0x08002e5e                ucg_com_DelayMilliseconds
 .text.ucg_com_SendByte
                0x08002e8a       0x24 D:\STM32\SDK_1.0.3_NUCLEO-F401RE\lib_stm\libLibraries.a(ucg_com_msg_api.o)
                0x08002e8a                ucg_com_SendByte
 .text.ucg_com_SendStringP
                0x08002eae       0x40 D:\STM32\SDK_1.0.3_NUCLEO-F401RE\lib_stm\libLibraries.a(ucg_com_msg_api.o)
                0x08002eae                ucg_com_SendStringP
 .text.ucg_com_SendCmdArg
                0x08002eee       0x74 D:\STM32\SDK_1.0.3_NUCLEO-F401RE\lib_stm\libLibraries.a(ucg_com_msg_api.o)
 *fill*         0x08002f62        0x2 
 .text.ucg_com_SendCmdSeq
                0x08002f64      0x278 D:\STM32\SDK_1.0.3_NUCLEO-F401RE\lib_stm\libLibraries.a(ucg_com_msg_api.o)
                0x08002f64                ucg_com_SendCmdSeq
 .text.__libc_init_array
                0x080031dc       0x48 C:/ST/STM32CubeIDE_2.1.0/STM32CubeIDE/plugins/com.st.stm32cube.ide.mcu.externaltools.gnu-tools-for-stm32.14.3.rel1.win32_1.0.100.202602081740/tools/bin/../lib/gcc/arm-none-eabi/14.3.1/../../../../arm-none-eabi/lib/thumb/v7e-m+fp/hard\libc_nano.a(libc_a-init.o)
                0x080031dc                __libc_init_array
 *(.glue_7)
 .glue_7        0x08003224        0x0 linker stubs
 *(.glue_7t)
 .glue_7t       0x08003224        0x0 linker stubs
 *(.eh_frame)
 .eh_frame      0x08003224        0x0 C:/ST/STM32CubeIDE_2.1.0/STM32CubeIDE/plugins/com.st.stm32cube.ide.mcu.externaltools.gnu-tools-for-stm32.14.3.rel1.win32_1.0.100.202602081740/tools/bin/../lib/gcc/arm-none-eabi/14.3.1/thumb/v7e-m+fp/hard/crtbegin.o
 *(.init)
 .init          0x08003224        0x4 C:/ST/STM32CubeIDE_2.1.0/STM32CubeIDE/plugins/com.st.stm32cube.ide.mcu.externaltools.gnu-tools-for-stm32.14.3.rel1.win32_1.0.100.202602081740/tools/bin/../lib/gcc/arm-none-eabi/14.3.1/thumb/v7e-m+fp/hard/crti.o
                0x08003224                _init
 .init          0x08003228        0x8 C:/ST/STM32CubeIDE_2.1.0/STM32CubeIDE/plugins/com.st.stm32cube.ide.mcu.externaltools.gnu-tools-for-stm32.14.3.rel1.win32_1.0.100.202602081740/tools/bin/../lib/gcc/arm-none-eabi/14.3.1/thumb/v7e-m+fp/hard/crtn.o
 *(.fini)
 .fini          0x08003230        0x4 C:/ST/STM32CubeIDE_2.1.0/STM32CubeIDE/plugins/com.st.stm32cube.ide.mcu.externaltools.gnu-tools-for-stm32.14.3.rel1.win32_1.0.100.202602081740/tools/bin/../lib/gcc/arm-none-eabi/14.3.1/thumb/v7e-m+fp/hard/crti.o
                0x08003230                _fini
 .fini          0x08003234        0x8 C:/ST/STM32CubeIDE_2.1.0/STM32CubeIDE/plugins/com.st.stm32cube.ide.mcu.externaltools.gnu-tools-for-stm32.14.3.rel1.win32_1.0.100.202602081740/tools/bin/../lib/gcc/arm-none-eabi/14.3.1/thumb/v7e-m+fp/hard/crtn.o
                0x0800323c                        . = ALIGN (0x4)
                0x0800323c                        _etext = .

.vfp11_veneer   0x0800323c        0x0
 .vfp11_veneer  0x0800323c        0x0 linker stubs

.v4_bx          0x0800323c        0x0
 .v4_bx         0x0800323c        0x0 linker stubs

.iplt           0x0800323c        0x0
 .iplt          0x0800323c        0x0 C:/ST/STM32CubeIDE_2.1.0/STM32CubeIDE/plugins/com.st.stm32cube.ide.mcu.externaltools.gnu-tools-for-stm32.14.3.rel1.win32_1.0.100.202602081740/tools/bin/../lib/gcc/arm-none-eabi/14.3.1/thumb/v7e-m+fp/hard/crtbegin.o

.rodata         0x0800323c      0x8d4
                0x0800323c                        . = ALIGN (0x4)
 *(.rodata)
 .rodata        0x0800323c       0x1c ./Core/Src/main.o
 .rodata        0x08003258        0xf D:\STM32\SDK_1.0.3_NUCLEO-F401RE\lib_stm\libLibraries.a(ucg_font.o)
 *(.rodata*)
 *fill*         0x08003267        0x1 
 .rodata.AHBPrescTable
                0x08003268       0x10 ./SDK_1.0.3_NUCLEO-F401RE/shared/Drivers/CMSIS/Source/system_stm32f4xx.o
                0x08003268                AHBPrescTable
 .rodata.APBAHBPrescTable
                0x08003278       0x10 ./SDK_1.0.3_NUCLEO-F401RE/shared/Drivers/STM32F401RE_StdPeriph_Driver/src/stm32f401re_rcc.o
 .rodata.ucg_st7735_set_pos_seq
                0x08003288       0x1e D:\STM32\SDK_1.0.3_NUCLEO-F401RE\lib_stm\libLibraries.a(ucg_dev_ic_st7735.o)
                0x08003288                ucg_st7735_set_pos_seq
 *fill*         0x080032a6        0x2 
 .rodata.ucg_st7735_set_pos_dir0_seq
                0x080032a8       0x1e D:\STM32\SDK_1.0.3_NUCLEO-F401RE\lib_stm\libLibraries.a(ucg_dev_ic_st7735.o)
                0x080032a8                ucg_st7735_set_pos_dir0_seq
 *fill*         0x080032c6        0x2 
 .rodata.ucg_st7735_set_pos_dir1_seq
                0x080032c8       0x21 D:\STM32\SDK_1.0.3_NUCLEO-F401RE\lib_stm\libLibraries.a(ucg_dev_ic_st7735.o)
                0x080032c8                ucg_st7735_set_pos_dir1_seq
 *fill*         0x080032e9        0x3 
 .rodata.ucg_st7735_set_pos_dir2_seq
                0x080032ec       0x21 D:\STM32\SDK_1.0.3_NUCLEO-F401RE\lib_stm\libLibraries.a(ucg_dev_ic_st7735.o)
                0x080032ec                ucg_st7735_set_pos_dir2_seq
 *fill*         0x0800330d        0x3 
 .rodata.ucg_st7735_set_pos_dir3_seq
                0x08003310       0x24 D:\STM32\SDK_1.0.3_NUCLEO-F401RE\lib_stm\libLibraries.a(ucg_dev_ic_st7735.o)
                0x08003310                ucg_st7735_set_pos_dir3_seq
 .rodata.ucg_st7735_power_down_seq
                0x08003334        0x7 D:\STM32\SDK_1.0.3_NUCLEO-F401RE\lib_stm\libLibraries.a(ucg_dev_ic_st7735.o)
 *fill*         0x0800333b        0x1 
 .rodata.ucg_tft_128x160_st7735_init_seq
                0x0800333c       0x2c D:\STM32\SDK_1.0.3_NUCLEO-F401RE\lib_stm\libLibraries.a(ucg_dev_tft_128x128_st7735.o)
 .rodata.ucg_font_ncenR12_hr
                0x08003368      0x7a8 D:\STM32\SDK_1.0.3_NUCLEO-F401RE\lib_stm\libLibraries.a(ucg_pixel_font_data.o)
                0x08003368                ucg_font_ncenR12_hr
                0x08003b10                        . = ALIGN (0x4)

.ARM.extab      0x08003b10        0x0
                0x08003b10                        . = ALIGN (0x4)
 *(.ARM.extab* .gnu.linkonce.armextab.*)
                0x08003b10                        . = ALIGN (0x4)

.ARM            0x08003b10        0x0
                0x08003b10                        . = ALIGN (0x4)
                0x08003b10                        __exidx_start = .
 *(.ARM.exidx*)
                0x08003b10                        __exidx_end = .
                0x08003b10                        . = ALIGN (0x4)

.preinit_array  0x08003b10        0x0
                0x08003b10                        . = ALIGN (0x4)
                0x08003b10                        PROVIDE (__preinit_array_start = .)
 *(.preinit_array*)
                0x08003b10                        PROVIDE (__preinit_array_end = .)
                0x08003b10                        . = ALIGN (0x4)

.init_array     0x08003b10        0x4
                0x08003b10                        . = ALIGN (0x4)
                0x08003b10                        PROVIDE (__init_array_start = .)
 *(SORT_BY_NAME(.init_array.*))
 *(.init_array*)
 .init_array    0x08003b10        0x4 C:/ST/STM32CubeIDE_2.1.0/STM32CubeIDE/plugins/com.st.stm32cube.ide.mcu.externaltools.gnu-tools-for-stm32.14.3.rel1.win32_1.0.100.202602081740/tools/bin/../lib/gcc/arm-none-eabi/14.3.1/thumb/v7e-m+fp/hard/crtbegin.o
                0x08003b14                        PROVIDE (__init_array_end = .)
                0x08003b14                        . = ALIGN (0x4)

.fini_array     0x08003b14        0x4
                0x08003b14                        . = ALIGN (0x4)
                [!provide]                        PROVIDE (__fini_array_start = .)
 *(SORT_BY_NAME(.fini_array.*))
 *(.fini_array*)
 .fini_array    0x08003b14        0x4 C:/ST/STM32CubeIDE_2.1.0/STM32CubeIDE/plugins/com.st.stm32cube.ide.mcu.externaltools.gnu-tools-for-stm32.14.3.rel1.win32_1.0.100.202602081740/tools/bin/../lib/gcc/arm-none-eabi/14.3.1/thumb/v7e-m+fp/hard/crtbegin.o
                [!provide]                        PROVIDE (__fini_array_end = .)
                0x08003b18                        . = ALIGN (0x4)
                0x08003b18                        _sidata = LOADADDR (.data)

.rel.dyn        0x08003b18        0x0
 .rel.iplt      0x08003b18        0x0 C:/ST/STM32CubeIDE_2.1.0/STM32CubeIDE/plugins/com.st.stm32cube.ide.mcu.externaltools.gnu-tools-for-stm32.14.3.rel1.win32_1.0.100.202602081740/tools/bin/../lib/gcc/arm-none-eabi/14.3.1/thumb/v7e-m+fp/hard/crtbegin.o

.data           0x20000000        0x8 load address 0x08003b18
                0x20000000                        . = ALIGN (0x4)
                0x20000000                        _sdata = .
 *(.data)
 *(.data*)
 .data.SystemCoreClock
                0x20000000        0x4 ./SDK_1.0.3_NUCLEO-F401RE/shared/Drivers/CMSIS/Source/system_stm32f4xx.o
                0x20000000                SystemCoreClock
 .data.idTaskScanDecodeLen
                0x20000004        0x1 D:\STM32\SDK_1.0.3_NUCLEO-F401RE\lib_stm\libLibraries.a(ucg_font.o)
 *(.RamFunc)
 *(.RamFunc*)
                0x20000008                        . = ALIGN (0x4)
 *fill*         0x20000005        0x3 
                0x20000008                        _edata = .

.igot.plt       0x20000008        0x0 load address 0x08003b20
 .igot.plt      0x20000008        0x0 C:/ST/STM32CubeIDE_2.1.0/STM32CubeIDE/plugins/com.st.stm32cube.ide.mcu.externaltools.gnu-tools-for-stm32.14.3.rel1.win32_1.0.100.202602081740/tools/bin/../lib/gcc/arm-none-eabi/14.3.1/thumb/v7e-m+fp/hard/crtbegin.o
                0x20000008                        . = ALIGN (0x4)

.bss            0x20000008     0x1274 load address 0x08003b20
                0x20000008                        _sbss = .
                0x20000008                        __bss_start__ = _sbss
 *(.bss)
 .bss           0x20000008       0x1c C:/ST/STM32CubeIDE_2.1.0/STM32CubeIDE/plugins/com.st.stm32cube.ide.mcu.externaltools.gnu-tools-for-stm32.14.3.rel1.win32_1.0.100.202602081740/tools/bin/../lib/gcc/arm-none-eabi/14.3.1/thumb/v7e-m+fp/hard/crtbegin.o
 *(.bss*)
 .bss.ucg       0x20000024       0xb4 ./Core/Src/main.o
 .bss.g_pTimerHandle
                0x200000d8      0x180 D:\STM32\SDK_1.0.3_NUCLEO-F401RE\lib_stm\libLibraries.a(timer.o)
 .bss.g_wMilSecTickTimer
                0x20000258        0x4 D:\STM32\SDK_1.0.3_NUCLEO-F401RE\lib_stm\libLibraries.a(timer.o)
 .bss.fontQueue
                0x2000025c       0x10 D:\STM32\SDK_1.0.3_NUCLEO-F401RE\lib_stm\libLibraries.a(ucg_font.o)
 .bss.pQueueFont
                0x2000026c     0x1000 D:\STM32\SDK_1.0.3_NUCLEO-F401RE\lib_stm\libLibraries.a(ucg_font.o)
 .bss.next.7562
                0x2000126c        0x1 D:\STM32\SDK_1.0.3_NUCLEO-F401RE\lib_stm\libLibraries.a(ucg_font.o)
 *(COMMON)
 *fill*         0x2000126d        0x3 
 COMMON         0x20001270        0xc D:\STM32\SDK_1.0.3_NUCLEO-F401RE\lib_stm\libLibraries.a(ucg_font.o)
                0x20001270                ucg_draw_str
                0x2000127c                        . = ALIGN (0x4)
                0x2000127c                        _ebss = .
                0x2000127c                        __bss_end__ = _ebss

._user_heap_stack
                0x2000127c      0x604 load address 0x08003b20
                0x20001280                        . = ALIGN (0x8)
 *fill*         0x2000127c        0x4 
                [!provide]                        PROVIDE (end = .)
                0x20001280                        PROVIDE (_end = .)
                0x20001480                        . = (. + _Min_Heap_Size)
 *fill*         0x20001280      0x200 
                0x20001880                        . = (. + _Min_Stack_Size)
 *fill*         0x20001480      0x400 
                0x20001880                        . = ALIGN (0x8)

/DISCARD/
 libc.a(*)
 libm.a(*)
 libgcc.a(*)

.ARM.attributes
                0x00000000       0x30
 *(.ARM.attributes)
 .ARM.attributes
                0x00000000       0x22 C:/ST/STM32CubeIDE_2.1.0/STM32CubeIDE/plugins/com.st.stm32cube.ide.mcu.externaltools.gnu-tools-for-stm32.14.3.rel1.win32_1.0.100.202602081740/tools/bin/../lib/gcc/arm-none-eabi/14.3.1/thumb/v7e-m+fp/hard/crti.o
 .ARM.attributes
                0x00000022       0x34 C:/ST/STM32CubeIDE_2.1.0/STM32CubeIDE/plugins/com.st.stm32cube.ide.mcu.externaltools.gnu-tools-for-stm32.14.3.rel1.win32_1.0.100.202602081740/tools/bin/../lib/gcc/arm-none-eabi/14.3.1/thumb/v7e-m+fp/hard/crtbegin.o
 .ARM.attributes
                0x00000056       0x34 ./Core/Src/main.o
 .ARM.attributes
                0x0000008a       0x34 ./Core/Src/stm32f4xx_it.o
 .ARM.attributes
                0x000000be       0x21 ./Core/Startup/startup_stm32f401retx.o
 .ARM.attributes
                0x000000df       0x34 ./SDK_1.0.3_NUCLEO-F401RE/shared/Drivers/CMSIS/Source/system_stm32f4xx.o
 .ARM.attributes
                0x00000113       0x34 ./SDK_1.0.3_NUCLEO-F401RE/shared/Drivers/STM32F401RE_StdPeriph_Driver/src/stm32f401re_rcc.o
 .ARM.attributes
                0x00000147       0x34 ./SDK_1.0.3_NUCLEO-F401RE/shared/Utilities/buff.o
 .ARM.attributes
                0x0000017b       0x34 ./SDK_1.0.3_NUCLEO-F401RE/shared/Utilities/utilities.o
 .ARM.attributes
                0x000001af       0x39 D:\STM32\SDK_1.0.3_NUCLEO-F401RE\lib_stm\libLibraries.a(timer.o)
 .ARM.attributes
                0x000001e8       0x39 D:\STM32\SDK_1.0.3_NUCLEO-F401RE\lib_stm\libLibraries.a(Ucglib.o)
 .ARM.attributes
                0x00000221       0x39 D:\STM32\SDK_1.0.3_NUCLEO-F401RE\lib_stm\libLibraries.a(ucg_box.o)
 .ARM.attributes
                0x0000025a       0x39 D:\STM32\SDK_1.0.3_NUCLEO-F401RE\lib_stm\libLibraries.a(ucg_ccs.o)
 .ARM.attributes
                0x00000293       0x39 D:\STM32\SDK_1.0.3_NUCLEO-F401RE\lib_stm\libLibraries.a(ucg_dev_default_cb.o)
 .ARM.attributes
                0x000002cc       0x39 D:\STM32\SDK_1.0.3_NUCLEO-F401RE\lib_stm\libLibraries.a(ucg_dev_ic_st7735.o)
 .ARM.attributes
                0x00000305       0x39 D:\STM32\SDK_1.0.3_NUCLEO-F401RE\lib_stm\libLibraries.a(ucg_dev_msg_api.o)
 .ARM.attributes
                0x0000033e       0x39 D:\STM32\SDK_1.0.3_NUCLEO-F401RE\lib_stm\libLibraries.a(ucg_dev_tft_128x128_st7735.o)
 .ARM.attributes
                0x00000377       0x39 D:\STM32\SDK_1.0.3_NUCLEO-F401RE\lib_stm\libLibraries.a(ucg_font.o)
 .ARM.attributes
                0x000003b0       0x39 D:\STM32\SDK_1.0.3_NUCLEO-F401RE\lib_stm\libLibraries.a(ucg_init.o)
 .ARM.attributes
                0x000003e9       0x39 D:\STM32\SDK_1.0.3_NUCLEO-F401RE\lib_stm\libLibraries.a(ucg_line.o)
 .ARM.attributes
                0x00000422       0x39 D:\STM32\SDK_1.0.3_NUCLEO-F401RE\lib_stm\libLibraries.a(ucg_pixel.o)
 .ARM.attributes
                0x0000045b       0x39 D:\STM32\SDK_1.0.3_NUCLEO-F401RE\lib_stm\libLibraries.a(ucg_pixel_font_data.o)
 .ARM.attributes
                0x00000494       0x39 D:\STM32\SDK_1.0.3_NUCLEO-F401RE\lib_stm\libLibraries.a(ucg_rotate.o)
 .ARM.attributes
                0x000004cd       0x39 D:\STM32\SDK_1.0.3_NUCLEO-F401RE\lib_stm\libLibraries.a(stm32f401re_gpio.o)
 .ARM.attributes
                0x00000506       0x39 D:\STM32\SDK_1.0.3_NUCLEO-F401RE\lib_stm\libLibraries.a(ucg_clip.o)
 .ARM.attributes
                0x0000053f       0x39 D:\STM32\SDK_1.0.3_NUCLEO-F401RE\lib_stm\libLibraries.a(ucg_com_msg_api.o)
 .ARM.attributes
                0x00000578       0x34 C:/ST/STM32CubeIDE_2.1.0/STM32CubeIDE/plugins/com.st.stm32cube.ide.mcu.externaltools.gnu-tools-for-stm32.14.3.rel1.win32_1.0.100.202602081740/tools/bin/../lib/gcc/arm-none-eabi/14.3.1/../../../../arm-none-eabi/lib/thumb/v7e-m+fp/hard\libc_nano.a(libc_a-init.o)
 .ARM.attributes
                0x000005ac       0x22 C:/ST/STM32CubeIDE_2.1.0/STM32CubeIDE/plugins/com.st.stm32cube.ide.mcu.externaltools.gnu-tools-for-stm32.14.3.rel1.win32_1.0.100.202602081740/tools/bin/../lib/gcc/arm-none-eabi/14.3.1/thumb/v7e-m+fp/hard/crtn.o
OUTPUT(Projectdautien.elf elf32-littlearm)
LOAD linker stubs
LOAD C:/ST/STM32CubeIDE_2.1.0/STM32CubeIDE/plugins/com.st.stm32cube.ide.mcu.externaltools.gnu-tools-for-stm32.14.3.rel1.win32_1.0.100.202602081740/tools/bin/../lib/gcc/arm-none-eabi/14.3.1/../../../../arm-none-eabi/lib/thumb/v7e-m+fp/hard\libc.a
LOAD C:/ST/STM32CubeIDE_2.1.0/STM32CubeIDE/plugins/com.st.stm32cube.ide.mcu.externaltools.gnu-tools-for-stm32.14.3.rel1.win32_1.0.100.202602081740/tools/bin/../lib/gcc/arm-none-eabi/14.3.1/../../../../arm-none-eabi/lib/thumb/v7e-m+fp/hard\libm.a
LOAD C:/ST/STM32CubeIDE_2.1.0/STM32CubeIDE/plugins/com.st.stm32cube.ide.mcu.externaltools.gnu-tools-for-stm32.14.3.rel1.win32_1.0.100.202602081740/tools/bin/../lib/gcc/arm-none-eabi/14.3.1/thumb/v7e-m+fp/hard\libgcc.a

.debug_info     0x00000000    0x34265
 .debug_info    0x00000000      0x7be ./Core/Src/main.o
 .debug_info    0x000007be       0xf8 ./Core/Src/stm32f4xx_it.o
 .debug_info    0x000008b6       0x30 ./Core/Startup/startup_stm32f401retx.o
 .debug_info    0x000008e6      0x5d3 ./SDK_1.0.3_NUCLEO-F401RE/shared/Drivers/CMSIS/Source/system_stm32f4xx.o
 .debug_info    0x00000eb9      0xcde ./SDK_1.0.3_NUCLEO-F401RE/shared/Drivers/STM32F401RE_StdPeriph_Driver/src/stm32f401re_rcc.o
 .debug_info    0x00001b97      0x305 ./SDK_1.0.3_NUCLEO-F401RE/shared/Utilities/buff.o
 .debug_info    0x00001e9c      0x2b8 ./SDK_1.0.3_NUCLEO-F401RE/shared/Utilities/utilities.o
 .debug_info    0x00002154      0x922 D:\STM32\SDK_1.0.3_NUCLEO-F401RE\lib_stm\libLibraries.a(timer.o)
 .debug_info    0x00002a76     0x333f D:\STM32\SDK_1.0.3_NUCLEO-F401RE\lib_stm\libLibraries.a(Ucglib.o)
 .debug_info    0x00005db5     0x329d D:\STM32\SDK_1.0.3_NUCLEO-F401RE\lib_stm\libLibraries.a(ucg_box.o)
 .debug_info    0x00009052     0x2b08 D:\STM32\SDK_1.0.3_NUCLEO-F401RE\lib_stm\libLibraries.a(ucg_ccs.o)
 .debug_info    0x0000bb5a     0x324b D:\STM32\SDK_1.0.3_NUCLEO-F401RE\lib_stm\libLibraries.a(ucg_dev_default_cb.o)
 .debug_info    0x0000eda5     0x3272 D:\STM32\SDK_1.0.3_NUCLEO-F401RE\lib_stm\libLibraries.a(ucg_dev_ic_st7735.o)
 .debug_info    0x00012017     0x3178 D:\STM32\SDK_1.0.3_NUCLEO-F401RE\lib_stm\libLibraries.a(ucg_dev_msg_api.o)
 .debug_info    0x0001518f     0x303e D:\STM32\SDK_1.0.3_NUCLEO-F401RE\lib_stm\libLibraries.a(ucg_dev_tft_128x128_st7735.o)
 .debug_info    0x000181cd     0x43ab D:\STM32\SDK_1.0.3_NUCLEO-F401RE\lib_stm\libLibraries.a(ucg_font.o)
 .debug_info    0x0001c578     0x3856 D:\STM32\SDK_1.0.3_NUCLEO-F401RE\lib_stm\libLibraries.a(ucg_init.o)
 .debug_info    0x0001fdce     0x3222 D:\STM32\SDK_1.0.3_NUCLEO-F401RE\lib_stm\libLibraries.a(ucg_line.o)
 .debug_info    0x00022ff0     0x3056 D:\STM32\SDK_1.0.3_NUCLEO-F401RE\lib_stm\libLibraries.a(ucg_pixel.o)
 .debug_info    0x00026046     0x43df D:\STM32\SDK_1.0.3_NUCLEO-F401RE\lib_stm\libLibraries.a(ucg_pixel_font_data.o)
 .debug_info    0x0002a425     0x3231 D:\STM32\SDK_1.0.3_NUCLEO-F401RE\lib_stm\libLibraries.a(ucg_rotate.o)
 .debug_info    0x0002d656      0x62b D:\STM32\SDK_1.0.3_NUCLEO-F401RE\lib_stm\libLibraries.a(stm32f401re_gpio.o)
 .debug_info    0x0002dc81     0x315a D:\STM32\SDK_1.0.3_NUCLEO-F401RE\lib_stm\libLibraries.a(ucg_clip.o)
 .debug_info    0x00030ddb     0x348a D:\STM32\SDK_1.0.3_NUCLEO-F401RE\lib_stm\libLibraries.a(ucg_com_msg_api.o)

.debug_abbrev   0x00000000     0x23b8
 .debug_abbrev  0x00000000      0x1a2 ./Core/Src/main.o
 .debug_abbrev  0x000001a2       0x47 ./Core/Src/stm32f4xx_it.o
 .debug_abbrev  0x000001e9       0x24 ./Core/Startup/startup_stm32f401retx.o
 .debug_abbrev  0x0000020d      0x142 ./SDK_1.0.3_NUCLEO-F401RE/shared/Drivers/CMSIS/Source/system_stm32f4xx.o
 .debug_abbrev  0x0000034f      0x20c ./SDK_1.0.3_NUCLEO-F401RE/shared/Drivers/STM32F401RE_StdPeriph_Driver/src/stm32f401re_rcc.o
 .debug_abbrev  0x0000055b      0x13c ./SDK_1.0.3_NUCLEO-F401RE/shared/Utilities/buff.o
 .debug_abbrev  0x00000697       0xe3 ./SDK_1.0.3_NUCLEO-F401RE/shared/Utilities/utilities.o
 .debug_abbrev  0x0000077a      0x29a D:\STM32\SDK_1.0.3_NUCLEO-F401RE\lib_stm\libLibraries.a(timer.o)
 .debug_abbrev  0x00000a14      0x202 D:\STM32\SDK_1.0.3_NUCLEO-F401RE\lib_stm\libLibraries.a(Ucglib.o)
 .debug_abbrev  0x00000c16      0x18b D:\STM32\SDK_1.0.3_NUCLEO-F401RE\lib_stm\libLibraries.a(ucg_box.o)
 .debug_abbrev  0x00000da1       0xf5 D:\STM32\SDK_1.0.3_NUCLEO-F401RE\lib_stm\libLibraries.a(ucg_ccs.o)
 .debug_abbrev  0x00000e96      0x19e D:\STM32\SDK_1.0.3_NUCLEO-F401RE\lib_stm\libLibraries.a(ucg_dev_default_cb.o)
 .debug_abbrev  0x00001034      0x1dc D:\STM32\SDK_1.0.3_NUCLEO-F401RE\lib_stm\libLibraries.a(ucg_dev_ic_st7735.o)
 .debug_abbrev  0x00001210      0x191 D:\STM32\SDK_1.0.3_NUCLEO-F401RE\lib_stm\libLibraries.a(ucg_dev_msg_api.o)
 .debug_abbrev  0x000013a1      0x14e D:\STM32\SDK_1.0.3_NUCLEO-F401RE\lib_stm\libLibraries.a(ucg_dev_tft_128x128_st7735.o)
 .debug_abbrev  0x000014ef      0x2fc D:\STM32\SDK_1.0.3_NUCLEO-F401RE\lib_stm\libLibraries.a(ucg_font.o)
 .debug_abbrev  0x000017eb      0x1c6 D:\STM32\SDK_1.0.3_NUCLEO-F401RE\lib_stm\libLibraries.a(ucg_init.o)
 .debug_abbrev  0x000019b1      0x175 D:\STM32\SDK_1.0.3_NUCLEO-F401RE\lib_stm\libLibraries.a(ucg_line.o)
 .debug_abbrev  0x00001b26      0x148 D:\STM32\SDK_1.0.3_NUCLEO-F401RE\lib_stm\libLibraries.a(ucg_pixel.o)
 .debug_abbrev  0x00001c6e       0x83 D:\STM32\SDK_1.0.3_NUCLEO-F401RE\lib_stm\libLibraries.a(ucg_pixel_font_data.o)
 .debug_abbrev  0x00001cf1      0x1a3 D:\STM32\SDK_1.0.3_NUCLEO-F401RE\lib_stm\libLibraries.a(ucg_rotate.o)
 .debug_abbrev  0x00001e94      0x1bf D:\STM32\SDK_1.0.3_NUCLEO-F401RE\lib_stm\libLibraries.a(stm32f401re_gpio.o)
 .debug_abbrev  0x00002053      0x173 D:\STM32\SDK_1.0.3_NUCLEO-F401RE\lib_stm\libLibraries.a(ucg_clip.o)
 .debug_abbrev  0x000021c6      0x1f2 D:\STM32\SDK_1.0.3_NUCLEO-F401RE\lib_stm\libLibraries.a(ucg_com_msg_api.o)

.debug_aranges  0x00000000      0x930
 .debug_aranges
                0x00000000       0x20 ./Core/Src/main.o
 .debug_aranges
                0x00000020       0x58 ./Core/Src/stm32f4xx_it.o
 .debug_aranges
                0x00000078       0x28 ./Core/Startup/startup_stm32f401retx.o
 .debug_aranges
                0x000000a0       0x30 ./SDK_1.0.3_NUCLEO-F401RE/shared/Drivers/CMSIS/Source/system_stm32f4xx.o
 .debug_aranges
                0x000000d0      0x198 ./SDK_1.0.3_NUCLEO-F401RE/shared/Drivers/STM32F401RE_StdPeriph_Driver/src/stm32f401re_rcc.o
 .debug_aranges
                0x00000268       0x50 ./SDK_1.0.3_NUCLEO-F401RE/shared/Utilities/buff.o
 .debug_aranges
                0x000002b8       0x48 ./SDK_1.0.3_NUCLEO-F401RE/shared/Utilities/utilities.o
 .debug_aranges
                0x00000300       0x70 D:\STM32\SDK_1.0.3_NUCLEO-F401RE\lib_stm\libLibraries.a(timer.o)
 .debug_aranges
                0x00000370       0x48 D:\STM32\SDK_1.0.3_NUCLEO-F401RE\lib_stm\libLibraries.a(Ucglib.o)
 .debug_aranges
                0x000003b8       0x48 D:\STM32\SDK_1.0.3_NUCLEO-F401RE\lib_stm\libLibraries.a(ucg_box.o)
 .debug_aranges
                0x00000400       0x30 D:\STM32\SDK_1.0.3_NUCLEO-F401RE\lib_stm\libLibraries.a(ucg_ccs.o)
 .debug_aranges
                0x00000430       0x48 D:\STM32\SDK_1.0.3_NUCLEO-F401RE\lib_stm\libLibraries.a(ucg_dev_default_cb.o)
 .debug_aranges
                0x00000478       0x40 D:\STM32\SDK_1.0.3_NUCLEO-F401RE\lib_stm\libLibraries.a(ucg_dev_ic_st7735.o)
 .debug_aranges
                0x000004b8       0x60 D:\STM32\SDK_1.0.3_NUCLEO-F401RE\lib_stm\libLibraries.a(ucg_dev_msg_api.o)
 .debug_aranges
                0x00000518       0x20 D:\STM32\SDK_1.0.3_NUCLEO-F401RE\lib_stm\libLibraries.a(ucg_dev_tft_128x128_st7735.o)
 .debug_aranges
                0x00000538      0x168 D:\STM32\SDK_1.0.3_NUCLEO-F401RE\lib_stm\libLibraries.a(ucg_font.o)
 .debug_aranges
                0x000006a0       0x28 D:\STM32\SDK_1.0.3_NUCLEO-F401RE\lib_stm\libLibraries.a(ucg_init.o)
 .debug_aranges
                0x000006c8       0x48 D:\STM32\SDK_1.0.3_NUCLEO-F401RE\lib_stm\libLibraries.a(ucg_line.o)
 .debug_aranges
                0x00000710       0x28 D:\STM32\SDK_1.0.3_NUCLEO-F401RE\lib_stm\libLibraries.a(ucg_pixel.o)
 .debug_aranges
                0x00000738       0x18 D:\STM32\SDK_1.0.3_NUCLEO-F401RE\lib_stm\libLibraries.a(ucg_pixel_font_data.o)
 .debug_aranges
                0x00000750       0x68 D:\STM32\SDK_1.0.3_NUCLEO-F401RE\lib_stm\libLibraries.a(ucg_rotate.o)
 .debug_aranges
                0x000007b8       0x88 D:\STM32\SDK_1.0.3_NUCLEO-F401RE\lib_stm\libLibraries.a(stm32f401re_gpio.o)
 .debug_aranges
                0x00000840       0x50 D:\STM32\SDK_1.0.3_NUCLEO-F401RE\lib_stm\libLibraries.a(ucg_clip.o)
 .debug_aranges
                0x00000890       0xa0 D:\STM32\SDK_1.0.3_NUCLEO-F401RE\lib_stm\libLibraries.a(ucg_com_msg_api.o)

.debug_rnglists
                0x00000000      0x225
 .debug_rnglists
                0x00000000       0x14 ./Core/Src/main.o
 .debug_rnglists
                0x00000014       0x3d ./Core/Src/stm32f4xx_it.o
 .debug_rnglists
                0x00000051       0x19 ./Core/Startup/startup_stm32f401retx.o
 .debug_rnglists
                0x0000006a       0x21 ./SDK_1.0.3_NUCLEO-F401RE/shared/Drivers/CMSIS/Source/system_stm32f4xx.o
 .debug_rnglists
                0x0000008b      0x12e ./SDK_1.0.3_NUCLEO-F401RE/shared/Drivers/STM32F401RE_StdPeriph_Driver/src/stm32f401re_rcc.o
 .debug_rnglists
                0x000001b9       0x39 ./SDK_1.0.3_NUCLEO-F401RE/shared/Utilities/buff.o
 .debug_rnglists
                0x000001f2       0x33 ./SDK_1.0.3_NUCLEO-F401RE/shared/Utilities/utilities.o

.debug_macro    0x00000000    0x23ca1
 .debug_macro   0x00000000      0x1cb ./Core/Src/main.o
 .debug_macro   0x000001cb      0xad8 ./Core/Src/main.o
 .debug_macro   0x00000ca3       0x22 ./Core/Src/main.o
 .debug_macro   0x00000cc5       0x8e ./Core/Src/main.o
 .debug_macro   0x00000d53       0x51 ./Core/Src/main.o
 .debug_macro   0x00000da4      0x103 ./Core/Src/main.o
 .debug_macro   0x00000ea7       0x6a ./Core/Src/main.o
 .debug_macro   0x00000f11      0x1df ./Core/Src/main.o
 .debug_macro   0x000010f0       0x22 ./Core/Src/main.o
 .debug_macro   0x00001112      0x190 ./Core/Src/main.o
 .debug_macro   0x000012a2      0x301 ./Core/Src/main.o
 .debug_macro   0x000015a3       0x2e ./Core/Src/main.o
 .debug_macro   0x000015d1       0x28 ./Core/Src/main.o
 .debug_macro   0x000015f9       0x3b ./Core/Src/main.o
 .debug_macro   0x00001634       0x34 ./Core/Src/main.o
 .debug_macro   0x00001668       0x26 ./Core/Src/main.o
 .debug_macro   0x0000168e      0xe43 ./Core/Src/main.o
 .debug_macro   0x000024d1     0xb881 ./Core/Src/main.o
 .debug_macro   0x0000dd52       0x6d ./Core/Src/main.o
 .debug_macro   0x0000ddbf      0x295 ./Core/Src/main.o
 .debug_macro   0x0000e054     0x3693 ./Core/Src/main.o
 .debug_macro   0x000116e7       0x5c ./Core/Src/main.o
 .debug_macro   0x00011743      0x416 ./Core/Src/main.o
 .debug_macro   0x00011b59      0x9e9 ./Core/Src/main.o
 .debug_macro   0x00012542      0x115 ./Core/Src/main.o
 .debug_macro   0x00012657       0xf8 ./Core/Src/main.o
 .debug_macro   0x0001274f       0xa5 ./Core/Src/main.o
 .debug_macro   0x000127f4      0x15f ./Core/Src/main.o
 .debug_macro   0x00012953      0x287 ./Core/Src/main.o
 .debug_macro   0x00012bda       0x5f ./Core/Src/main.o
 .debug_macro   0x00012c39      0x236 ./Core/Src/main.o
 .debug_macro   0x00012e6f      0x132 ./Core/Src/main.o
 .debug_macro   0x00012fa1      0x264 ./Core/Src/main.o
 .debug_macro   0x00013205       0x2e ./Core/Src/main.o
 .debug_macro   0x00013233      0x127 ./Core/Src/main.o
 .debug_macro   0x0001335a       0x85 ./Core/Src/main.o
 .debug_macro   0x000133df       0x89 ./Core/Src/main.o
 .debug_macro   0x00013468      0x2aa ./Core/Src/main.o
 .debug_macro   0x00013712      0x126 ./Core/Src/main.o
 .debug_macro   0x00013838      0x1c8 ./Core/Src/stm32f4xx_it.o
 .debug_macro   0x00013a00       0xce ./SDK_1.0.3_NUCLEO-F401RE/shared/Drivers/CMSIS/Source/system_stm32f4xx.o
 .debug_macro   0x00013ace       0x40 ./SDK_1.0.3_NUCLEO-F401RE/shared/Drivers/CMSIS/Source/system_stm32f4xx.o
 .debug_macro   0x00013b0e     0x466d ./SDK_1.0.3_NUCLEO-F401RE/shared/Drivers/CMSIS/Source/system_stm32f4xx.o
 .debug_macro   0x0001817b      0x186 ./SDK_1.0.3_NUCLEO-F401RE/shared/Drivers/STM32F401RE_StdPeriph_Driver/src/stm32f401re_rcc.o
 .debug_macro   0x00018301      0x4f3 ./SDK_1.0.3_NUCLEO-F401RE/shared/Drivers/STM32F401RE_StdPeriph_Driver/src/stm32f401re_rcc.o
 .debug_macro   0x000187f4       0xc2 ./SDK_1.0.3_NUCLEO-F401RE/shared/Utilities/buff.o
 .debug_macro   0x000188b6       0x16 ./SDK_1.0.3_NUCLEO-F401RE/shared/Utilities/buff.o
 .debug_macro   0x000188cc       0x16 ./SDK_1.0.3_NUCLEO-F401RE/shared/Utilities/buff.o
 .debug_macro   0x000188e2       0x72 ./SDK_1.0.3_NUCLEO-F401RE/shared/Utilities/utilities.o
 .debug_macro   0x00018954       0x10 ./SDK_1.0.3_NUCLEO-F401RE/shared/Utilities/utilities.o
 .debug_macro   0x00018964       0xe3 D:\STM32\SDK_1.0.3_NUCLEO-F401RE\lib_stm\libLibraries.a(timer.o)
 .debug_macro   0x00018a47      0xa66 D:\STM32\SDK_1.0.3_NUCLEO-F401RE\lib_stm\libLibraries.a(timer.o)
 .debug_macro   0x000194ad       0x22 D:\STM32\SDK_1.0.3_NUCLEO-F401RE\lib_stm\libLibraries.a(timer.o)
 .debug_macro   0x000194cf       0x8e D:\STM32\SDK_1.0.3_NUCLEO-F401RE\lib_stm\libLibraries.a(timer.o)
 .debug_macro   0x0001955d       0xef D:\STM32\SDK_1.0.3_NUCLEO-F401RE\lib_stm\libLibraries.a(timer.o)
 .debug_macro   0x0001964c       0x1c D:\STM32\SDK_1.0.3_NUCLEO-F401RE\lib_stm\libLibraries.a(timer.o)
 .debug_macro   0x00019668       0x6b D:\STM32\SDK_1.0.3_NUCLEO-F401RE\lib_stm\libLibraries.a(timer.o)
 .debug_macro   0x000196d3     0x8018 D:\STM32\SDK_1.0.3_NUCLEO-F401RE\lib_stm\libLibraries.a(timer.o)
 .debug_macro   0x000216eb      0x644 D:\STM32\SDK_1.0.3_NUCLEO-F401RE\lib_stm\libLibraries.a(timer.o)
 .debug_macro   0x00021d2f      0x141 D:\STM32\SDK_1.0.3_NUCLEO-F401RE\lib_stm\libLibraries.a(Ucglib.o)
 .debug_macro   0x00021e70      0x174 D:\STM32\SDK_1.0.3_NUCLEO-F401RE\lib_stm\libLibraries.a(Ucglib.o)
 .debug_macro   0x00021fe4      0x2f4 D:\STM32\SDK_1.0.3_NUCLEO-F401RE\lib_stm\libLibraries.a(Ucglib.o)
 .debug_macro   0x000222d8       0x84 D:\STM32\SDK_1.0.3_NUCLEO-F401RE\lib_stm\libLibraries.a(ucg_box.o)
 .debug_macro   0x0002235c       0x84 D:\STM32\SDK_1.0.3_NUCLEO-F401RE\lib_stm\libLibraries.a(ucg_ccs.o)
 .debug_macro   0x000223e0       0x84 D:\STM32\SDK_1.0.3_NUCLEO-F401RE\lib_stm\libLibraries.a(ucg_dev_default_cb.o)
 .debug_macro   0x00022464       0x84 D:\STM32\SDK_1.0.3_NUCLEO-F401RE\lib_stm\libLibraries.a(ucg_dev_ic_st7735.o)
 .debug_macro   0x000224e8       0x88 D:\STM32\SDK_1.0.3_NUCLEO-F401RE\lib_stm\libLibraries.a(ucg_dev_msg_api.o)
 .debug_macro   0x00022570       0x84 D:\STM32\SDK_1.0.3_NUCLEO-F401RE\lib_stm\libLibraries.a(ucg_dev_tft_128x128_st7735.o)
 .debug_macro   0x000225f4      0x15a D:\STM32\SDK_1.0.3_NUCLEO-F401RE\lib_stm\libLibraries.a(ucg_font.o)
 .debug_macro   0x0002274e       0x1c D:\STM32\SDK_1.0.3_NUCLEO-F401RE\lib_stm\libLibraries.a(ucg_font.o)
 .debug_macro   0x0002276a       0x46 D:\STM32\SDK_1.0.3_NUCLEO-F401RE\lib_stm\libLibraries.a(ucg_font.o)
 .debug_macro   0x000227b0       0x18 D:\STM32\SDK_1.0.3_NUCLEO-F401RE\lib_stm\libLibraries.a(ucg_font.o)
 .debug_macro   0x000227c8       0x3c D:\STM32\SDK_1.0.3_NUCLEO-F401RE\lib_stm\libLibraries.a(ucg_font.o)
 .debug_macro   0x00022804       0x52 D:\STM32\SDK_1.0.3_NUCLEO-F401RE\lib_stm\libLibraries.a(ucg_font.o)
 .debug_macro   0x00022856       0x1f D:\STM32\SDK_1.0.3_NUCLEO-F401RE\lib_stm\libLibraries.a(ucg_font.o)
 .debug_macro   0x00022875       0x43 D:\STM32\SDK_1.0.3_NUCLEO-F401RE\lib_stm\libLibraries.a(ucg_font.o)
 .debug_macro   0x000228b8       0x20 D:\STM32\SDK_1.0.3_NUCLEO-F401RE\lib_stm\libLibraries.a(ucg_font.o)
 .debug_macro   0x000228d8      0x1a3 D:\STM32\SDK_1.0.3_NUCLEO-F401RE\lib_stm\libLibraries.a(ucg_font.o)
 .debug_macro   0x00022a7b      0x330 D:\STM32\SDK_1.0.3_NUCLEO-F401RE\lib_stm\libLibraries.a(ucg_font.o)
 .debug_macro   0x00022dab       0x10 D:\STM32\SDK_1.0.3_NUCLEO-F401RE\lib_stm\libLibraries.a(ucg_font.o)
 .debug_macro   0x00022dbb       0x35 D:\STM32\SDK_1.0.3_NUCLEO-F401RE\lib_stm\libLibraries.a(ucg_font.o)
 .debug_macro   0x00022df0       0x20 D:\STM32\SDK_1.0.3_NUCLEO-F401RE\lib_stm\libLibraries.a(ucg_font.o)
 .debug_macro   0x00022e10      0x145 D:\STM32\SDK_1.0.3_NUCLEO-F401RE\lib_stm\libLibraries.a(ucg_init.o)
 .debug_macro   0x00022f55       0x84 D:\STM32\SDK_1.0.3_NUCLEO-F401RE\lib_stm\libLibraries.a(ucg_line.o)
 .debug_macro   0x00022fd9       0x84 D:\STM32\SDK_1.0.3_NUCLEO-F401RE\lib_stm\libLibraries.a(ucg_pixel.o)
 .debug_macro   0x0002305d       0x84 D:\STM32\SDK_1.0.3_NUCLEO-F401RE\lib_stm\libLibraries.a(ucg_pixel_font_data.o)
 .debug_macro   0x000230e1       0xbd D:\STM32\SDK_1.0.3_NUCLEO-F401RE\lib_stm\libLibraries.a(ucg_rotate.o)
 .debug_macro   0x0002319e       0xc3 D:\STM32\SDK_1.0.3_NUCLEO-F401RE\lib_stm\libLibraries.a(stm32f401re_gpio.o)
 .debug_macro   0x00023261      0x2ee D:\STM32\SDK_1.0.3_NUCLEO-F401RE\lib_stm\libLibraries.a(stm32f401re_gpio.o)
 .debug_macro   0x0002354f      0x64a D:\STM32\SDK_1.0.3_NUCLEO-F401RE\lib_stm\libLibraries.a(stm32f401re_gpio.o)
 .debug_macro   0x00023b99       0x84 D:\STM32\SDK_1.0.3_NUCLEO-F401RE\lib_stm\libLibraries.a(ucg_clip.o)
 .debug_macro   0x00023c1d       0x84 D:\STM32\SDK_1.0.3_NUCLEO-F401RE\lib_stm\libLibraries.a(ucg_com_msg_api.o)

.debug_line     0x00000000     0x8a09
 .debug_line    0x00000000      0x7aa ./Core/Src/main.o
 .debug_line    0x000007aa      0x803 ./Core/Src/stm32f4xx_it.o
 .debug_line    0x00000fad       0x7a ./Core/Startup/startup_stm32f401retx.o
 .debug_line    0x00001027      0x62d ./SDK_1.0.3_NUCLEO-F401RE/shared/Drivers/CMSIS/Source/system_stm32f4xx.o
 .debug_line    0x00001654      0xdb2 ./SDK_1.0.3_NUCLEO-F401RE/shared/Drivers/STM32F401RE_StdPeriph_Driver/src/stm32f401re_rcc.o
 .debug_line    0x00002406      0x6a4 ./SDK_1.0.3_NUCLEO-F401RE/shared/Utilities/buff.o
 .debug_line    0x00002aaa      0x5a9 ./SDK_1.0.3_NUCLEO-F401RE/shared/Utilities/utilities.o
 .debug_line    0x00003053      0x684 D:\STM32\SDK_1.0.3_NUCLEO-F401RE\lib_stm\libLibraries.a(timer.o)
 .debug_line    0x000036d7      0x5cd D:\STM32\SDK_1.0.3_NUCLEO-F401RE\lib_stm\libLibraries.a(Ucglib.o)
 .debug_line    0x00003ca4      0x4c6 D:\STM32\SDK_1.0.3_NUCLEO-F401RE\lib_stm\libLibraries.a(ucg_box.o)
 .debug_line    0x0000416a      0x420 D:\STM32\SDK_1.0.3_NUCLEO-F401RE\lib_stm\libLibraries.a(ucg_ccs.o)
 .debug_line    0x0000458a      0x521 D:\STM32\SDK_1.0.3_NUCLEO-F401RE\lib_stm\libLibraries.a(ucg_dev_default_cb.o)
 .debug_line    0x00004aab      0x512 D:\STM32\SDK_1.0.3_NUCLEO-F401RE\lib_stm\libLibraries.a(ucg_dev_ic_st7735.o)
 .debug_line    0x00004fbd      0x48a D:\STM32\SDK_1.0.3_NUCLEO-F401RE\lib_stm\libLibraries.a(ucg_dev_msg_api.o)
 .debug_line    0x00005447      0x403 D:\STM32\SDK_1.0.3_NUCLEO-F401RE\lib_stm\libLibraries.a(ucg_dev_tft_128x128_st7735.o)
 .debug_line    0x0000584a      0x971 D:\STM32\SDK_1.0.3_NUCLEO-F401RE\lib_stm\libLibraries.a(ucg_font.o)
 .debug_line    0x000061bb      0x55c D:\STM32\SDK_1.0.3_NUCLEO-F401RE\lib_stm\libLibraries.a(ucg_init.o)
 .debug_line    0x00006717      0x498 D:\STM32\SDK_1.0.3_NUCLEO-F401RE\lib_stm\libLibraries.a(ucg_line.o)
 .debug_line    0x00006baf      0x400 D:\STM32\SDK_1.0.3_NUCLEO-F401RE\lib_stm\libLibraries.a(ucg_pixel.o)
 .debug_line    0x00006faf      0x3e1 D:\STM32\SDK_1.0.3_NUCLEO-F401RE\lib_stm\libLibraries.a(ucg_pixel_font_data.o)
 .debug_line    0x00007390      0x5d4 D:\STM32\SDK_1.0.3_NUCLEO-F401RE\lib_stm\libLibraries.a(ucg_rotate.o)
 .debug_line    0x00007964      0x65e D:\STM32\SDK_1.0.3_NUCLEO-F401RE\lib_stm\libLibraries.a(stm32f401re_gpio.o)
 .debug_line    0x00007fc2      0x4c1 D:\STM32\SDK_1.0.3_NUCLEO-F401RE\lib_stm\libLibraries.a(ucg_clip.o)
 .debug_line    0x00008483      0x586 D:\STM32\SDK_1.0.3_NUCLEO-F401RE\lib_stm\libLibraries.a(ucg_com_msg_api.o)

.debug_str      0x00000000    0xb93ff
 .debug_str     0x00000000    0xb93ff ./Core/Src/main.o
                              0x7f019 (size before relaxing)
 .debug_str     0x000b93ff    0x7d75e ./Core/Src/stm32f4xx_it.o
 .debug_str     0x000b93ff       0x62 ./Core/Startup/startup_stm32f401retx.o
 .debug_str     0x000b93ff    0x21865 ./SDK_1.0.3_NUCLEO-F401RE/shared/Drivers/CMSIS/Source/system_stm32f4xx.o
 .debug_str     0x000b93ff    0x24453 ./SDK_1.0.3_NUCLEO-F401RE/shared/Drivers/STM32F401RE_StdPeriph_Driver/src/stm32f401re_rcc.o
 .debug_str     0x000b93ff    0x2175c ./SDK_1.0.3_NUCLEO-F401RE/shared/Utilities/buff.o
 .debug_str     0x000b93ff     0x3eab ./SDK_1.0.3_NUCLEO-F401RE/shared/Utilities/utilities.o
 .debug_str     0x000b93ff    0x39451 D:\STM32\SDK_1.0.3_NUCLEO-F401RE\lib_stm\libLibraries.a(timer.o)
 .debug_str     0x000b93ff    0x4067c D:\STM32\SDK_1.0.3_NUCLEO-F401RE\lib_stm\libLibraries.a(Ucglib.o)
 .debug_str     0x000b93ff     0x9c13 D:\STM32\SDK_1.0.3_NUCLEO-F401RE\lib_stm\libLibraries.a(ucg_box.o)
 .debug_str     0x000b93ff     0x97ef D:\STM32\SDK_1.0.3_NUCLEO-F401RE\lib_stm\libLibraries.a(ucg_ccs.o)
 .debug_str     0x000b93ff     0x9c41 D:\STM32\SDK_1.0.3_NUCLEO-F401RE\lib_stm\libLibraries.a(ucg_dev_default_cb.o)
 .debug_str     0x000b93ff     0x9ce5 D:\STM32\SDK_1.0.3_NUCLEO-F401RE\lib_stm\libLibraries.a(ucg_dev_ic_st7735.o)
 .debug_str     0x000b93ff     0x9c5b D:\STM32\SDK_1.0.3_NUCLEO-F401RE\lib_stm\libLibraries.a(ucg_dev_msg_api.o)
 .debug_str     0x000b93ff     0x9c0a D:\STM32\SDK_1.0.3_NUCLEO-F401RE\lib_stm\libLibraries.a(ucg_dev_tft_128x128_st7735.o)
 .debug_str     0x000b93ff     0xd07e D:\STM32\SDK_1.0.3_NUCLEO-F401RE\lib_stm\libLibraries.a(ucg_font.o)
 .debug_str     0x000b93ff     0xcb75 D:\STM32\SDK_1.0.3_NUCLEO-F401RE\lib_stm\libLibraries.a(ucg_init.o)
 .debug_str     0x000b93ff     0x9c1a D:\STM32\SDK_1.0.3_NUCLEO-F401RE\lib_stm\libLibraries.a(ucg_line.o)
 .debug_str     0x000b93ff     0x9bc5 D:\STM32\SDK_1.0.3_NUCLEO-F401RE\lib_stm\libLibraries.a(ucg_pixel.o)
 .debug_str     0x000b93ff     0x9785 D:\STM32\SDK_1.0.3_NUCLEO-F401RE\lib_stm\libLibraries.a(ucg_pixel_font_data.o)
 .debug_str     0x000b93ff     0x9fb3 D:\STM32\SDK_1.0.3_NUCLEO-F401RE\lib_stm\libLibraries.a(ucg_rotate.o)
 .debug_str     0x000b93ff    0x3a690 D:\STM32\SDK_1.0.3_NUCLEO-F401RE\lib_stm\libLibraries.a(stm32f401re_gpio.o)
 .debug_str     0x000b93ff     0x9c32 D:\STM32\SDK_1.0.3_NUCLEO-F401RE\lib_stm\libLibraries.a(ucg_clip.o)
 .debug_str     0x000b93ff     0x9ddf D:\STM32\SDK_1.0.3_NUCLEO-F401RE\lib_stm\libLibraries.a(ucg_com_msg_api.o)

.comment        0x00000000       0xbe
 .comment       0x00000000       0xbe ./Core/Src/main.o
                                 0x44 (size before relaxing)
 .comment       0x000000be       0x44 ./Core/Src/stm32f4xx_it.o
 .comment       0x000000be       0x44 ./SDK_1.0.3_NUCLEO-F401RE/shared/Drivers/CMSIS/Source/system_stm32f4xx.o
 .comment       0x000000be       0x44 ./SDK_1.0.3_NUCLEO-F401RE/shared/Drivers/STM32F401RE_StdPeriph_Driver/src/stm32f401re_rcc.o
 .comment       0x000000be       0x44 ./SDK_1.0.3_NUCLEO-F401RE/shared/Utilities/buff.o
 .comment       0x000000be       0x44 ./SDK_1.0.3_NUCLEO-F401RE/shared/Utilities/utilities.o
 .comment       0x000000be       0x7c D:\STM32\SDK_1.0.3_NUCLEO-F401RE\lib_stm\libLibraries.a(timer.o)
 .comment       0x000000be       0x7c D:\STM32\SDK_1.0.3_NUCLEO-F401RE\lib_stm\libLibraries.a(Ucglib.o)
 .comment       0x000000be       0x7c D:\STM32\SDK_1.0.3_NUCLEO-F401RE\lib_stm\libLibraries.a(ucg_box.o)
 .comment       0x000000be       0x7c D:\STM32\SDK_1.0.3_NUCLEO-F401RE\lib_stm\libLibraries.a(ucg_ccs.o)
 .comment       0x000000be       0x7c D:\STM32\SDK_1.0.3_NUCLEO-F401RE\lib_stm\libLibraries.a(ucg_dev_default_cb.o)
 .comment       0x000000be       0x7c D:\STM32\SDK_1.0.3_NUCLEO-F401RE\lib_stm\libLibraries.a(ucg_dev_ic_st7735.o)
 .comment       0x000000be       0x7c D:\STM32\SDK_1.0.3_NUCLEO-F401RE\lib_stm\libLibraries.a(ucg_dev_msg_api.o)
 .comment       0x000000be       0x7c D:\STM32\SDK_1.0.3_NUCLEO-F401RE\lib_stm\libLibraries.a(ucg_dev_tft_128x128_st7735.o)
 .comment       0x000000be       0x7c D:\STM32\SDK_1.0.3_NUCLEO-F401RE\lib_stm\libLibraries.a(ucg_font.o)
 .comment       0x000000be       0x7c D:\STM32\SDK_1.0.3_NUCLEO-F401RE\lib_stm\libLibraries.a(ucg_init.o)
 .comment       0x000000be       0x7c D:\STM32\SDK_1.0.3_NUCLEO-F401RE\lib_stm\libLibraries.a(ucg_line.o)
 .comment       0x000000be       0x7c D:\STM32\SDK_1.0.3_NUCLEO-F401RE\lib_stm\libLibraries.a(ucg_pixel.o)
 .comment       0x000000be       0x7c D:\STM32\SDK_1.0.3_NUCLEO-F401RE\lib_stm\libLibraries.a(ucg_pixel_font_data.o)
 .comment       0x000000be       0x7c D:\STM32\SDK_1.0.3_NUCLEO-F401RE\lib_stm\libLibraries.a(ucg_rotate.o)
 .comment       0x000000be       0x7c D:\STM32\SDK_1.0.3_NUCLEO-F401RE\lib_stm\libLibraries.a(stm32f401re_gpio.o)
 .comment       0x000000be       0x7c D:\STM32\SDK_1.0.3_NUCLEO-F401RE\lib_stm\libLibraries.a(ucg_clip.o)
 .comment       0x000000be       0x7c D:\STM32\SDK_1.0.3_NUCLEO-F401RE\lib_stm\libLibraries.a(ucg_com_msg_api.o)

.debug_frame    0x00000000     0x2124
 .debug_frame   0x00000000       0x30 ./Core/Src/main.o
 .debug_frame   0x00000030       0xdc ./Core/Src/stm32f4xx_it.o
 .debug_frame   0x0000010c       0x6c ./SDK_1.0.3_NUCLEO-F401RE/shared/Drivers/CMSIS/Source/system_stm32f4xx.o
 .debug_frame   0x00000178      0x6b8 ./SDK_1.0.3_NUCLEO-F401RE/shared/Drivers/STM32F401RE_StdPeriph_Driver/src/stm32f401re_rcc.o
 .debug_frame   0x00000830      0x10c ./SDK_1.0.3_NUCLEO-F401RE/shared/Utilities/buff.o
 .debug_frame   0x0000093c       0xe8 ./SDK_1.0.3_NUCLEO-F401RE/shared/Utilities/utilities.o
 .debug_frame   0x00000a24      0x1a8 D:\STM32\SDK_1.0.3_NUCLEO-F401RE\lib_stm\libLibraries.a(timer.o)
 .debug_frame   0x00000bcc       0xec D:\STM32\SDK_1.0.3_NUCLEO-F401RE\lib_stm\libLibraries.a(Ucglib.o)
 .debug_frame   0x00000cb8       0xf0 D:\STM32\SDK_1.0.3_NUCLEO-F401RE\lib_stm\libLibraries.a(ucg_box.o)
 .debug_frame   0x00000da8       0x88 D:\STM32\SDK_1.0.3_NUCLEO-F401RE\lib_stm\libLibraries.a(ucg_ccs.o)
 .debug_frame   0x00000e30       0xec D:\STM32\SDK_1.0.3_NUCLEO-F401RE\lib_stm\libLibraries.a(ucg_dev_default_cb.o)
 .debug_frame   0x00000f1c       0xd0 D:\STM32\SDK_1.0.3_NUCLEO-F401RE\lib_stm\libLibraries.a(ucg_dev_ic_st7735.o)
 .debug_frame   0x00000fec      0x154 D:\STM32\SDK_1.0.3_NUCLEO-F401RE\lib_stm\libLibraries.a(ucg_dev_msg_api.o)
 .debug_frame   0x00001140       0x34 D:\STM32\SDK_1.0.3_NUCLEO-F401RE\lib_stm\libLibraries.a(ucg_dev_tft_128x128_st7735.o)
 .debug_frame   0x00001174      0x664 D:\STM32\SDK_1.0.3_NUCLEO-F401RE\lib_stm\libLibraries.a(ucg_font.o)
 .debug_frame   0x000017d8       0x5c D:\STM32\SDK_1.0.3_NUCLEO-F401RE\lib_stm\libLibraries.a(ucg_init.o)
 .debug_frame   0x00001834       0xe8 D:\STM32\SDK_1.0.3_NUCLEO-F401RE\lib_stm\libLibraries.a(ucg_line.o)
 .debug_frame   0x0000191c       0x5c D:\STM32\SDK_1.0.3_NUCLEO-F401RE\lib_stm\libLibraries.a(ucg_pixel.o)
 .debug_frame   0x00001978      0x184 D:\STM32\SDK_1.0.3_NUCLEO-F401RE\lib_stm\libLibraries.a(ucg_rotate.o)
 .debug_frame   0x00001afc      0x23c D:\STM32\SDK_1.0.3_NUCLEO-F401RE\lib_stm\libLibraries.a(stm32f401re_gpio.o)
 .debug_frame   0x00001d38      0x11c D:\STM32\SDK_1.0.3_NUCLEO-F401RE\lib_stm\libLibraries.a(ucg_clip.o)
 .debug_frame   0x00001e54      0x2a4 D:\STM32\SDK_1.0.3_NUCLEO-F401RE\lib_stm\libLibraries.a(ucg_com_msg_api.o)
 .debug_frame   0x000020f8       0x2c C:/ST/STM32CubeIDE_2.1.0/STM32CubeIDE/plugins/com.st.stm32cube.ide.mcu.externaltools.gnu-tools-for-stm32.14.3.rel1.win32_1.0.100.202602081740/tools/bin/../lib/gcc/arm-none-eabi/14.3.1/../../../../arm-none-eabi/lib/thumb/v7e-m+fp/hard\libc_nano.a(libc_a-init.o)

.debug_line_str
                0x00000000       0x46
 .debug_line_str
                0x00000000       0x46 ./Core/Startup/startup_stm32f401retx.o

.debug_ranges   0x00000000      0x518
 .debug_ranges  0x00000000       0x60 D:\STM32\SDK_1.0.3_NUCLEO-F401RE\lib_stm\libLibraries.a(timer.o)
 .debug_ranges  0x00000060       0x38 D:\STM32\SDK_1.0.3_NUCLEO-F401RE\lib_stm\libLibraries.a(Ucglib.o)
 .debug_ranges  0x00000098       0x38 D:\STM32\SDK_1.0.3_NUCLEO-F401RE\lib_stm\libLibraries.a(ucg_box.o)
 .debug_ranges  0x000000d0       0x20 D:\STM32\SDK_1.0.3_NUCLEO-F401RE\lib_stm\libLibraries.a(ucg_ccs.o)
 .debug_ranges  0x000000f0       0x38 D:\STM32\SDK_1.0.3_NUCLEO-F401RE\lib_stm\libLibraries.a(ucg_dev_default_cb.o)
 .debug_ranges  0x00000128       0x30 D:\STM32\SDK_1.0.3_NUCLEO-F401RE\lib_stm\libLibraries.a(ucg_dev_ic_st7735.o)
 .debug_ranges  0x00000158       0x50 D:\STM32\SDK_1.0.3_NUCLEO-F401RE\lib_stm\libLibraries.a(ucg_dev_msg_api.o)
 .debug_ranges  0x000001a8       0x10 D:\STM32\SDK_1.0.3_NUCLEO-F401RE\lib_stm\libLibraries.a(ucg_dev_tft_128x128_st7735.o)
 .debug_ranges  0x000001b8      0x158 D:\STM32\SDK_1.0.3_NUCLEO-F401RE\lib_stm\libLibraries.a(ucg_font.o)
 .debug_ranges  0x00000310       0x18 D:\STM32\SDK_1.0.3_NUCLEO-F401RE\lib_stm\libLibraries.a(ucg_init.o)
 .debug_ranges  0x00000328       0x38 D:\STM32\SDK_1.0.3_NUCLEO-F401RE\lib_stm\libLibraries.a(ucg_line.o)
 .debug_ranges  0x00000360       0x18 D:\STM32\SDK_1.0.3_NUCLEO-F401RE\lib_stm\libLibraries.a(ucg_pixel.o)
 .debug_ranges  0x00000378       0x58 D:\STM32\SDK_1.0.3_NUCLEO-F401RE\lib_stm\libLibraries.a(ucg_rotate.o)
 .debug_ranges  0x000003d0       0x78 D:\STM32\SDK_1.0.3_NUCLEO-F401RE\lib_stm\libLibraries.a(stm32f401re_gpio.o)
 .debug_ranges  0x00000448       0x40 D:\STM32\SDK_1.0.3_NUCLEO-F401RE\lib_stm\libLibraries.a(ucg_clip.o)
 .debug_ranges  0x00000488       0x90 D:\STM32\SDK_1.0.3_NUCLEO-F401RE\lib_stm\libLibraries.a(ucg_com_msg_api.o)
